
=== Troubleshooting session started. === 


===================================
Output Time: 2024-01-28 20:06:29 UTC


COMMAND=show ap debug crash-info

Serial:CNPCKV32FL
Boardname:Paparoa
OS Version:10.4.0.3-10.4.0.3
Uname:Linux 192.168.1.198 4.1.52 #87961 SMP Thu Sep 14 01:18:49 UTC 2023 aarch64 unknown
Client Number: Radio 0: 0 Radio 1: 0 
Date:Sun Jan 28 01:39:33 2024
Boot version: APBoot 2.5.5.1/75281
<6>[    0.000000] Booting Linux on physical CPU 0x0
<4>[    0.000000] 
<4>[    0.000000] Aruba Networks
<4>[    0.000000] ArubaOS Version 10.4.0.3-10.4.0.3 (build 87961 / label #87961) 
<4>[    0.000000] Built by jenkins@a2b9c57f276b on 2023-09-14 at 01:18:49 UTC (gcc version 5.3.0 (Buildroot 2016.02) )
<5>[    0.000000] CPU: AArch64 Processor [420f1000] revision 0
<6>[    0.000000] Detected VIPT I-cache on CPU0
<6>[    0.000000] alternatives: enabling workaround for ARM erratum 845719
<7>[    0.000000] On node 0 totalpages: 259072
<7>[    0.000000]   DMA zone: 3584 pages used for memmap
<7>[    0.000000]   DMA zone: 0 pages reserved
<7>[    0.000000]   DMA zone: 259072 pages, LIFO batch:31
<6>[    0.000000] PERCPU: Embedded 16 pages/cpu @ffffffc03ffac000 s26752 r8192 d30592 u65536
<7>[    0.000000] pcpu-alloc: s26752 r8192 d30592 u65536 alloc=16*4096
<7>[    0.000000] pcpu-alloc: [0] 0 [0] 1 [0] 2 [0] 3 
<6>[    0.000000] Built 1 zonelists in Zone order, mobility grouping on.  Total pages: 255488
<5>[    0.000000] Kernel command line: console=ttyS0,9600n8 rdinit=/sbin/init ubi.mtd=pdata ubi.mtd=aos coherent_pool=4M cpuidle_sysfs_switch pci=pcie_bus_safe rootwait
<6>[    0.000000] PID hash table entries: 4096 (order: 3, 32768 bytes)
<6>[    0.000000] Dentry cache hash table entries: 131072 (order: 8, 1048576 bytes)
<6>[    0.000000] Inode-cache hash table entries: 65536 (order: 7, 524288 bytes)
<6>[    0.000000] Memory: 919932K/1036288K available (5300K kernel code, 2141K rwdata, 2072K rodata, 22952K init, 1947K bss, 116356K reserved, 0K cma-reserved)
<5>[    0.000000] Virtual kernel memory layout:
<5>[    0.000000]     vmalloc : 0xffffff8000000000 - 0xffffffbdffff0000   (   247 GB)
<5>[    0.000000]     vmemmap : 0xffffffbe00000000 - 0xffffffbfc0000000   (     7 GB maximum)
<5>[    0.000000]               0xffffffbe00000000 - 0xffffffbe00e00000   (    14 MB actual)
<5>[    0.000000]     fixed   : 0xffffffbffabfd000 - 0xffffffbffac00000   (    12 KB)
<5>[    0.000000]     PCI I/O : 0xffffffbffae00000 - 0xffffffbffbe00000   (    16 MB)
<5>[    0.000000]     modules : 0xffffffbffc000000 - 0xffffffc000000000   (    64 MB)
<5>[    0.000000]     memory  : 0xffffffc000000000 - 0xffffffc040000000   (  1024 MB)
<5>[    0.000000]       .init : 0xffffffc0007b4000 - 0xffffffc001e1e000   ( 22952 KB)
<5>[    0.000000]       .text : 0xffffffc000080000 - 0xffffffc0007b4000   (  7376 KB)
<5>[    0.000000]       .data : 0xffffffc001e20000 - 0xffffffc002037690   (  2142 KB)
<6>[    0.000000] Hierarchical RCU implementation.
<6>[    0.000000] NR_IRQS:64 nr_irqs:64 0
<6>[    0.000000] Architected cp15 timer(s) running at 50.00MHz (phys).
<6>[    0.000000] clocksource arch_sys_counter: mask: 0xffffffffffffff max_cycles: 0xb8812736b, max_idle_ns: 440795202655 ns
<6>[    0.000003] sched_clock: 56 bits at 50MHz, resolution 20ns, wraps every 4398046511100ns
<6>[    0.000015] BRCM Legacy Drivers' Helper, all legacy drivers' IO memories/interrupts should be remapped here
<6>[    0.000018]      Remapping interrupts...
<6>[    0.000020]              hwirq      virq
<6>[    0.000029]                50         5
<6>[    0.000034]                61         6
<6>[    0.000041]                64         7
<6>[    0.000047]                66         8
<6>[    0.000053]                77         9
<6>[    0.000058]                78        10
<6>[    0.000063]                79        11
<6>[    0.000069]                80        12
<6>[    0.000074]                81        13
<6>[    0.000079]                82        14
<6>[    0.000086]                83        15
<6>[    0.000091]                84        16
<6>[    0.000096]                85        17
<6>[    0.000102]                86        18
<6>[    0.000107]                88        19
<6>[    0.000112]                96        20

<6>[    0.000118]                97        21
<6>[    0.000126]                98        22
<6>[    0.000131]                99        23
<6>[    0.000138]               118        24
<6>[    0.000143]               119        25
<6>[    0.000149]               106        26
<6>[    0.000154]               104        27
<6>[    0.000159]               105        28
<6>[    0.000165]                76        29
<6>[    0.000170]               120        30
<6>[    0.000175]               110        31
<6>[    0.000182]               148        32
<6>[    0.000187]               154        33
<6>[    0.000193]               155        34
<6>[    0.000198]               156        35
<6>[    0.000203]               157        36
<6>[    0.000208]               158        37
<6>[    0.000213]               159        38
<6>[    0.000219]                69        39
<6>[    0.000220]      Remapping IO memories...
<6>[    0.000222]              phys              virt          size
<6>[    0.000228]        00000000ff800000  ffffff8000008000  00003000
<6>[    0.000232]        00000000ff858000  ffffff800000c000  00003000
<6>[    0.000245]        00000000ffe00000  ffffff8000080000  00100000
<6>[    0.000249]        0000000080002000  ffffff8000002000  00001000
<6>[    0.000254]        0000000080018000  ffffff8000010000  00004000
<6>[    0.000258]        0000000080200000  ffffff8000018000  00005000
<6>[    0.000261]        0000000080280000  ffffff8000016000  00001000
<6>[    0.000277]        0000000082200000  ffffff8000200000  00100000
<6>[    0.000284]        0000000080080000  ffffff8000380000  00050000
<6>[    0.000289]        0000000080008000  ffffff8000020000  00003fff
<6>[    0.000293]        000000008000c000  ffffff8000028000  00003fff
<6>[    0.000297]        0000000081060000  ffffff8000030000  00004000
<6>[    0.000301]        0000000080100000  ffffff8000038000  00002000
<6>[    0.000305]        0000000080010000  ffffff800001e000  00001000
<6>[    0.248968] Calibrating delay loop (skipped), value calculated using timer frequency.. 100.00 BogoMIPS (lpj=100000)
<6>[    0.248974] pid_max: default: 32768 minimum: 301
<6>[    0.249068] Mount-cache hash table entries: 2048 (order: 2, 16384 bytes)
<6>[    0.249072] Mountpoint-cache hash table entries: 2048 (order: 2, 16384 bytes)
<6>[    0.249243] --Kernel Config--
<6>[    0.249246]   SMP=1
<6>[    0.249248]   PREEMPT=0
<6>[    0.249250]   DEBUG_SPINLOCK=0
<6>[    0.249252]   DEBUG_MUTEXES=0
<6>[    0.249489] hw perfevents: enabled with arm/armv8-pmuv3 PMU driver, 7 counters available
<5>[    0.250522] Do not need to create mapping for reserved memory phys 0x000000000e000000 virt 0xffffffc00e000000 size 0x04000000 for rdp1
<5>[    0.250528] creating mapping for reserved memory phys 0x000000000d200000 virt 0xffffffc00d200000 size 0x00c00000 for rdp2
<5>[    0.250538] pmc_init:PMC using DQM mode
<7>[    0.252067] 
<7>[    0.252067] *** Board: Paparoa is initialized properly ***
<5>[    0.252367] CPU1: Booted secondary processor
<6>[    0.252371] Detected VIPT I-cache on CPU1
<5>[    0.252565] CPU2: Booted secondary processor
<6>[    0.252567] Detected VIPT I-cache on CPU2
<5>[    0.252725] CPU3: Booted secondary processor
<6>[    0.252727] Detected VIPT I-cache on CPU3
<6>[    0.252759] Brought up 4 CPUs
<6>[    0.252769] SMP: Total of 4 processors activated.
<6>[    0.252772] CPU: All CPU(s) started at EL2
<6>[    0.252784] alternatives: patching kernel code
<6>[    0.253987] clocksource jiffies: mask: 0xffffffff max_cycles: 0xffffffff, max_idle_ns: 3822520892550000 ns
<6>[    0.254001] futex hash table entries: 1024 (order: 4, 65536 bytes)
<6>[    0.254386] NET: Registered protocol family 16
<6>[    0.262902] cpuidle: using governor ladder
<6>[    0.270909] cpuidle: using governor menu
<6>[    0.270967] vdso: 2 pages (1 code @ ffffffc001e29000, 1 data @ ffffffc001e28000)
<6>[    0.270989] hw-breakpoint: found 6 breakpoint and 4 watchpoint registers.
<6>[    0.272235] DMA: preallocated 4096 KiB pool for atomic allocations
<5>[    0.272243] ++++ Powering up USB blocks

<5>[    0.608906] Broadcom Logger v0.1
<5>[    0.609579] SCSI subsystem initialized
<6>[    0.609654] usbcore: registered new interface driver usbfs
<6>[    0.609692] usbcore: registered new interface driver hub
<6>[    0.609721] usbcore: registered new device driver usb
<6>[    0.609934] bcmhs_spi bcmhs_spi.1: master is unqueued, this is deprecated
<5>[    0.610291] skb_free_task created successfully with start budget 256
<5>[    0.610347] Broadcom IQoS v1.0 initialized
<5>[    0.610352] Broadcom GBPM v0.1 initialized
<6>[    0.610396] NET: Registered protocol family 8
<6>[    0.610399] NET: Registered protocol family 20
<6>[    0.610674] Switched to clocksource arch_sys_counter
<6>[    0.611144] NET: Registered protocol family 2
<6>[    0.611463] TCP established hash table entries: 8192 (order: 4, 65536 bytes)
<6>[    0.611512] TCP bind hash table entries: 8192 (order: 5, 131072 bytes)
<6>[    0.611610] TCP: Hash tables configured (established 8192 bind 8192)
<6>[    0.611649] UDP hash table entries: 512 (order: 2, 16384 bytes)
<6>[    0.611665] UDP-Lite hash table entries: 512 (order: 2, 16384 bytes)
<6>[    0.611768] NET: Registered protocol family 1
<6>[    8.563441] io scheduler noop registered (default)
<6>[    8.563452] io scheduler deadline registered
<6>[    8.564117] zram: Created 1 device(s)
<6>[    8.564634] nand: device found, Manufacturer ID: 0xef, Chip ID: 0xf1
<6>[    8.564637] nand: Winbond W29N01HV
<6>[    8.564641] nand: 128 MiB, SLC, erase size: 128 KiB, page size: 2048, OOB size: 64
<6>[    8.564660] bcm63xx_nand ff801800.nand: Using timing parameters from Id table
<6>[    8.564699] bcm63xx_nand ff801800.nand: Adjust timing_1 to 0x65444458 timing_2 to 0x80040e58
<6>[    8.564707] bcm63xx_nand ff801800.nand: detected 128MiB total, 128KiB blocks, 2KiB pages, 16B OOB, 8-bit, BCH-8
<6>[    8.564719] Scanning device for bad blocks
<5>[    8.804476] random: modprobe urandom read with 0 bits of entropy available
<5>[    8.805722] 4 ofpart partitions found on MTD device brcmnand.0
<5>[    8.805726] Creating 4 MTD partitions on "brcmnand.0":
<5>[    8.805732] 0x000000000000-0x000000300000 : "apboot"
<5>[    8.806013] 0x000000300000-0x000000380000 : "panic-dump"
<5>[    8.806208] 0x000000380000-0x000000580000 : "pdata"
<5>[    8.806402] 0x000000580000-0x000008000000 : "aos"
<6>[    8.854317] tpm_tis_spi spi32766.0: 2.0 TPM (device-id 0x3205, rev-id 1)
<3>[    8.885577] tpm tpm0: TPM2_RC_INITIALIZE (256) continue selftest
<7>[    8.885584] WDT now petted by pid 1 (swapper/0)
<2>[    9.650305] tpm tpm0: TPM2 self test passed
<6>[    9.693230] tun: Universal TUN/TAP device driver, 1.6
<6>[    9.693233] tun: (C) 1999-2004 Max Krasnyansky <maxk@qualcomm.com>
<6>[    9.693266] SLIP: version 0.8.4-NET3.019-NEWTTY (dynamic channels, max=256).
<6>[    9.693269] CSLIP: code copyright 1989 Regents of the University of California.
<6>[    9.693271] SLIP linefill/keepalive option.
<6>[    9.693281] ehci_hcd: USB 2.0 'Enhanced' Host Controller (EHCI) Driver
<6>[    9.693296] ehci-pci: EHCI PCI platform driver
<6>[    9.693337] ehci-platform: EHCI generic platform driver
<6>[    9.693373] ehci-platform ehci-platform.0: EHCI Host Controller
<6>[    9.693413] ehci-platform ehci-platform.0: new USB bus registered, assigned bus number 1
<6>[    9.693478] ehci-platform ehci-platform.0: irq 28, io mem 0x8000c300
<6>[    9.700672] ehci-platform ehci-platform.0: USB 2.0 started, EHCI 1.00
<6>[    9.700928] hub 1-0:1.0: USB hub found
<6>[    9.700944] hub 1-0:1.0: 2 ports detected
<6>[    9.701084] ohci_hcd: USB 1.1 'Open' Host Controller (OHCI) Driver
<6>[    9.701093] ohci-pci: OHCI PCI platform driver
<6>[    9.701124] ohci-platform: OHCI generic platform driver
<6>[    9.701146] ohci-platform ohci-platform.0: Generic Platform OHCI controller
<6>[    9.701159] ohci-platform ohci-platform.0: new USB bus registered, assigned bus number 2
<6>[    9.701189] ohci-platform ohci-platform.0: irq 27, io mem 0x8000c400
<6>[    9.756881] hub 2-0:1.0: USB hub found
<6>[    9.756897] hub 2-0:1.0: 2 ports detected

<6>[    9.757058] xhci-hcd xhci-hcd.0: xHCI Host Controller
<6>[    9.757070] xhci-hcd xhci-hcd.0: new USB bus registered, assigned bus number 3
<6>[    9.757168] xhci-hcd xhci-hcd.0: hcc params 0x0250f17c hci version 0x100 quirks 0x00014010
<6>[    9.757178] xhci-hcd xhci-hcd.0: irq 26, io mem 0x8000d000
<6>[    9.757362] hub 3-0:1.0: USB hub found
<6>[    9.757423] xhci-hcd xhci-hcd.0: xHCI Host Controller
<6>[    9.757433] xhci-hcd xhci-hcd.0: new USB bus registered, assigned bus number 4
<6>[    9.757619] hub 4-0:1.0: USB hub found
<6>[    9.757635] hub 4-0:1.0: 2 ports detected
<6>[    9.757822] mousedev: PS/2 mouse device common for all mice
<6>[    9.757935] i2c /dev entries driver
<6>[    9.758093] bcm96xxx-wdt ff800428.watchdog: Broadcom BCM96xxx watchdog timer
<6>[    9.758199] usbcore: registered new interface driver usbhid
<6>[    9.758201] usbhid: USB HID core driver
<1>[    9.758240] brcmboard registered
<5>[    9.789659] brcmboard: brcm_board_init entry
<5>[    9.789688] print_rst_status: Last RESET due to HW reset
<5>[    9.789692] print_rst_status: RESET reason: 0x00000000
<5>[    9.789720] DYING GASP IRQ Initialized and Enabled
<5>[    9.789741] map_hw_timer_interrupt,130: interrupt_id 20
<5>[    9.789750] map_hw_timer_interrupt,130: interrupt_id 21
<5>[    9.789758] map_hw_timer_interrupt,130: interrupt_id 22
<5>[    9.789765] map_hw_timer_interrupt,130: interrupt_id 23
<6>[    9.789809] Serial: BCM63XX driver $Revision: 3.00 $
<6>[    9.789826] ttyS0 at MMIO 0xff800640 (irq = 7, base_baud = 921600) is a BCM63XX
<2>[    9.789919] broadcomThermalDrv brcm-therm: init (CPU count 4 4 4 4)
<5>[    9.864929] bcm_i2c: Error in loading module
<6>[    9.864940] 
<6>[    9.864940] Optical detection module loaded.
<6>[    9.864945] bcmspu: loading driver
<5>[    9.866501] Broadcom BPM Module Char Driver v0.1 Registered<304>[0m
<5>[    9.866506] BPM: tot_mem_size=1073741824B (1024MB), buf_mem_size <15%> =161061270B (153MB), num of buffers=33554, buf size=4800
<5>[    9.913441] [0;34m[NTC bpm] bpm_mem_pool_buf_alloc: tot_mem_pool=2582 mem_idx:2582[0m
<5>[    9.913449] [0;34m[NTC bpm] bpm_init_buf_pool: buf_top_idx:33554[0m
<5>[    9.927056] [0;34m[NTC bpm] bpm_init_skb_pool: skbs pool inited total 33554[0m
<6>[    9.927163] HS UART: Driver $Revision: 1.00 $
<6>[    9.927192] ttyH0 at MMIO 0xffffff800000c400 (irq = 8, base_baud = 3125000) is a HS_UART
<5>[    9.927317] BCMLIBS loaded...
<5>[    9.929680] PCIe HCD (impl1)
<5>[    9.949531]   bcm963xx-pcie: [0] DT node available: /pcie@80040000
<5>[    9.949561]   bcm963xx-pcie: found port [0] GEN2 Core Rev [3.04] with 2 Lanes
<5>[    9.959571] getrcal for res select 5, int 673, ext 630, ratio 119 ratio1 164, rcal 10
<5>[    9.959574]   bcm963xx-pcie: Core [0] setting resistor calibration value to 0xa
<5>[   10.484600]   bcm963xx-pcie: core [0] link is DOWN
<5>[   10.500827]   bcm963xx-pcie: core [0] powered down
<5>[   10.516840]   bcm963xx-pcie: [1] DT node available: /pcie@80050000
<5>[   10.516858]   bcm963xx-pcie: found port [1] GEN2 Core Rev [3.04] with 1 Lanes
<5>[   10.526865] getrcal for res select 5, int 673, ext 630, ratio 119 ratio1 164, rcal 10
<5>[   10.526868]   bcm963xx-pcie: Core [1] setting resistor calibration value to 0xa
<5>[   11.131900]   bcm963xx-pcie: core [1] Link UP - [1] lanes, [GEN2] speed
<6>[   11.131960] bcm963xx-pcie 80050000.pcie: PCI host bridge to bus 0000:00
<6>[   11.131968] pci_bus 0000:00: root bus resource [mem 0xd0000000-0xdfffffff]
<6>[   11.131974] pci_bus 0000:00: root bus resource [bus 00-ff]
<5>[   11.131990]   bcm963xx-pcie: Core [1] Enabled PCIE/UBUS Error Interrupts
<5>[   11.131994]   bcm963xx-pcie: Core [1] UBUS Intr [UBUS_LINKUP]
<5>[   11.131996]   bcm963xx-pcie: Core [1] UBUS Intr [UBUS_LINKDOWN]
<7>[   11.132018] pci 0000:00:00.0: [14e4:4908] type 01 class 0x060400
<6>[   11.132135] pci 0000:00:00.0: bridge configuration invalid ([bus 00-00]), reconfiguring
<7>[   11.132197] pci 0000:01:00.0: [14e4:aaa4] type 00 class 0x028000

<7>[   11.132347] pci 0000:00:00.0: Checking PCIe ASPM for vendor 14e4 device aaa4
<7>[   11.132352] pci 0000:00:00.0: Disabling PCIe ASPM for vendor 14e4 device aaa4
<7>[   11.132366] pci_bus 0000:01: busn_res: [bus 01-ff] end is updated to 01
<6>[   11.132391] pci 0000:00:00.0: BAR 8: assigned [mem 0xd0000000-0xd0bfffff]
<6>[   11.132397] pci 0000:00:00.0: BAR 9: assigned [mem 0xd0c00000-0xd0cfffff 64bit pref]
<6>[   11.132404] pci 0000:01:00.0: BAR 2: assigned [mem 0xd0000000-0xd07fffff 64bit]
<6>[   11.132415] pci 0000:01:00.0: BAR 4: assigned [mem 0xd0c00000-0xd0cfffff 64bit pref]
<6>[   11.132426] pci 0000:01:00.0: BAR 0: assigned [mem 0xd0800000-0xd080ffff 64bit]
<6>[   11.132436] pci 0000:00:00.0: PCI bridge to [bus 01]
<6>[   11.132442] pci 0000:00:00.0:   bridge window [mem 0xd0000000-0xd0bfffff]
<6>[   11.132447] pci 0000:00:00.0:   bridge window [mem 0xd0c00000-0xd0cfffff 64bit pref]
<6>[   11.132471] pcieport 0000:00:00.0: enabling device (0000 -> 0002)
<6>[   11.132530] pcieport 0000:00:00.0: Max Payload Size set to  512/ 512 (was  128), Max Read Rq  512
<6>[   11.132540] pci 0000:01:00.0: Max Payload Size set to  512/ 512 (was  128), Max Read Rq  512
<5>[   11.148013]   bcm963xx-pcie: [2] DT node available: /pcie@80060000
<5>[   11.148032]   bcm963xx-pcie: found port [2] GEN2 Core Rev [3.04] with 1 Lanes
<5>[   11.158039] getrcal for res select 5, int 673, ext 630, ratio 119 ratio1 164, rcal 10
<5>[   11.158042]   bcm963xx-pcie: Core [2] setting resistor calibration value to 0xa
<5>[   11.763073]   bcm963xx-pcie: core [2] Link UP - [1] lanes, [GEN2] speed
<6>[   11.763117] bcm963xx-pcie 80060000.pcie: PCI host bridge to bus 0001:00
<6>[   11.763122] pci_bus 0001:00: root bus resource [mem 0xe0000000-0xefffffff]
<6>[   11.763126] pci_bus 0001:00: root bus resource [bus 00-ff]
<5>[   11.763141]   bcm963xx-pcie: Core [2] Enabled PCIE/UBUS Error Interrupts
<5>[   11.763143]   bcm963xx-pcie: Core [2] UBUS Intr [UBUS_LINKUP]
<5>[   11.763145]   bcm963xx-pcie: Core [2] UBUS Intr [UBUS_LINKDOWN]
<7>[   11.763159] pci 0001:00:00.0: [14e4:4908] type 01 class 0x060400
<6>[   11.763246] pci 0001:00:00.0: bridge configuration invalid ([bus 00-00]), reconfiguring
<7>[   11.763305] pci 0001:01:00.0: [14e4:aaa4] type 00 class 0x028000
<7>[   11.763459] pci 0001:00:00.0: Checking PCIe ASPM for vendor 14e4 device aaa4
<7>[   11.763464] pci 0001:00:00.0: Disabling PCIe ASPM for vendor 14e4 device aaa4
<7>[   11.763475] pci_bus 0001:01: busn_res: [bus 01-ff] end is updated to 01
<6>[   11.763488] pci 0001:00:00.0: BAR 8: assigned [mem 0xe0000000-0xe0bfffff]
<6>[   11.763493] pci 0001:00:00.0: BAR 9: assigned [mem 0xe0c00000-0xe0cfffff 64bit pref]
<6>[   11.763500] pci 0001:01:00.0: BAR 2: assigned [mem 0xe0000000-0xe07fffff 64bit]
<6>[   11.763511] pci 0001:01:00.0: BAR 4: assigned [mem 0xe0c00000-0xe0cfffff 64bit pref]
<6>[   11.763522] pci 0001:01:00.0: BAR 0: assigned [mem 0xe0800000-0xe080ffff 64bit]
<6>[   11.763532] pci 0001:00:00.0: PCI bridge to [bus 01]
<6>[   11.763536] pci 0001:00:00.0:   bridge window [mem 0xe0000000-0xe0bfffff]
<6>[   11.763541] pci 0001:00:00.0:   bridge window [mem 0xe0c00000-0xe0cfffff 64bit pref]
<6>[   11.763557] pcieport 0001:00:00.0: enabling device (0000 -> 0002)
<6>[   11.763609] pcieport 0001:00:00.0: Max Payload Size set to  512/ 512 (was  128), Max Read Rq  512
<6>[   11.763619] pci 0001:01:00.0: Max Payload Size set to  512/ 512 (was  128), Max Read Rq  512
<6>[   11.763675] u32 classifier
<6>[   11.763677]     Performance counters on
<6>[   11.763679]     input device check on
<6>[   11.763681]     Actions configured
<6>[   11.763695] Netfilter messages via NETLINK v0.30.
<6>[   11.763783] xt_time: kernel timezone is -0000
<6>[   11.763906] ip_tables: (C) 2000-2006 Netfilter Core Team
<6>[   11.763977] Initializing XFRM netlink socket
<6>[   11.764034] NET: Registered protocol family 10
<6>[   11.764509] ip6_tables: (C) 2000-2006 Netfilter Core Team
<6>[   11.764839] NET: Registered protocol family 17
<6>[   11.764852] NET: Registered protocol family 15

<6>[   11.764872] bridge: automatic filtering via arp/ip/ip6tables has been deprecated. Update your scripts to load br_netfilter if you need this.
<6>[   11.764878] Ebtables v2.0 registered
<6>[   11.764937] ebt_time registered
<6>[   11.764948] ebt_ftos registered
<6>[   11.764955] ebt_wmm_mark registered
<6>[   11.764969] 8021q: 802.1Q VLAN Support v1.8
<6>[   11.767269] DCCP: Activated CCID 2 (TCP-like)
<6>[   11.767287] DCCP: Activated CCID 3 (TCP-Friendly Rate Control)
<6>[   11.767373] sctp: Hash tables configured (established 256 bind 256/256)
<6>[   11.767462] 9pnet: Installing 9P2000 support
<6>[   11.767489] NET: Registered protocol family 36
<0>[   11.792439] Enabling all watchdogs
<5>[   11.826472] ubi0: attaching mtd2
<5>[   11.837215] ubi0: scanning is finished
<5>[   11.843201] ubi0: attached mtd2 (name "pdata", size 2 MiB)
<5>[   11.843205] ubi0: PEB size: 131072 bytes (128 KiB), LEB size: 126976 bytes
<5>[   11.843208] ubi0: min./max. I/O unit sizes: 2048/2048, sub-page size 2048
<5>[   11.843212] ubi0: VID header offset: 2048 (aligned 2048), data offset: 4096
<5>[   11.843215] ubi0: good PEBs: 16, bad PEBs: 0, corrupted PEBs: 0
<5>[   11.843218] ubi0: user volume: 3, internal volumes: 1, max. volumes count: 128
<5>[   11.843222] ubi0: max/mean erase counter: 5/0, WL threshold: 4096, image sequence number: 1861297192
<5>[   11.843225] ubi0: available PEBs: 5, total reserved PEBs: 11, PEBs reserved for bad PEB handling: 4
<5>[   11.843233] ubi0: background thread "ubi_bgt0d" started, PID 427
<5>[   11.843237] ubi1: attaching mtd3
<5>[   12.446167] ubi1: scanning is finished
<5>[   12.452596] ubi1: attached mtd3 (name "aos", size 122 MiB)
<5>[   12.452600] ubi1: PEB size: 131072 bytes (128 KiB), LEB size: 126976 bytes
<5>[   12.452603] ubi1: min./max. I/O unit sizes: 2048/2048, sub-page size 2048
<5>[   12.452606] ubi1: VID header offset: 2048 (aligned 2048), data offset: 4096
<5>[   12.452609] ubi1: good PEBs: 980, bad PEBs: 0, corrupted PEBs: 0
<5>[   12.452612] ubi1: user volume: 5, internal volumes: 1, max. volumes count: 128
<5>[   12.452616] ubi1: max/mean erase counter: 31/5, WL threshold: 4096, image sequence number: 0
<5>[   12.452619] ubi1: available PEBs: 27, total reserved PEBs: 953, PEBs reserved for bad PEB handling: 20
<5>[   12.452626] ubi1: background thread "ubi_bgt1d" started, PID 434
<6>[   12.458901] ina2xx 0-0041: power monitor ina230 (Rshunt = 10000 uOhm)
<6>[   12.458911] i2c-gpio i2c-gpio.0: using pins 18 (SDA) and 19 (SCL)
<4>[   12.477697] 
<4>[   12.477697] Starting Kernel SHA1 KAT ...
<6>[   12.496121] Freeing unused kernel memory: 22952K
<6>[   12.496123] Freeing alternatives memory: 4K
<4>[   12.517431] Completed Kernel SHA1 KAT 
<4>[   12.517460] Starting Kernel HMAC-SHA1 KAT ...
<4>[   12.517484] Starting Kernel DES KAT ...
<4>[   12.517485] Completed Kernel DES KAT 
<4>[   12.517512] Starting Kernel AES KAT ...
<4>[   12.517512] Completed Kernel AES KAT 
<4>[   12.517512] 
<4>[   12.517515] Starting Kernel AESGCM KAT ...
<4>[   12.517515] Completed Kernel AESGCM KAT 
<4>[   12.525098] Completed Kernel HMAC-SHA1 KAT 
<7>[   12.792672] WDT now petted by pid 0 (swapper/1)
<5>[   13.066680] UBIFS (ubi1:4): background thread "ubifs_bgt1_4" started, PID 515
<5>[   13.095533] UBIFS (ubi1:4): recovery needed
<5>[   13.250166] UBIFS (ubi1:4): recovery completed
<5>[   13.250205] UBIFS (ubi1:4): UBIFS: mounted UBI device 1, volume 4, name "ubifs"
<5>[   13.250209] UBIFS (ubi1:4): LEB size: 126976 bytes (124 KiB), min./max. I/O unit sizes: 2048 bytes/2048 bytes
<5>[   13.250214] UBIFS (ubi1:4): FS size: 57012224 bytes (54 MiB, 449 LEBs), journal size 2793472 bytes (2 MiB, 22 LEBs)
<5>[   13.250218] UBIFS (ubi1:4): reserved for root: 2692828 bytes (2629 KiB)
<5>[   13.250224] UBIFS (ubi1:4): media format: w4/r0 (latest is w4/r0), UUID 373CD8F2-3F26-4695-B1FD-AA14235624BD, small LPT model
<4>[   14.681081] wlcsm: module license 'Proprietary' taints kernel.
<4>[   14.757648] Disabling lock debugging due to kernel taint
<7>[   14.822714] WDT now petted by pid 1509 (modprobe)

<6>[   14.822994] Initializing WLCSM Module
<6>[   14.823011] WLCSM Module loaded successfully 
<6>[   14.826859] FPM will initialize 2 pool[s] with token size set to 512B.  This requires 64MB
<6>[   14.848718] bcm-fpm: FPM with 2 pool(s)
<6>[   14.854779] Broadcom 802.1Q VLAN Interface, v0.1
<5>[   14.903803] bm_base_addr 0xffffffc00e000000, size 67108864, bm_base_addr_phys 0x000000000e000000
<5>[   14.903813] fm_base_addr 0xffffffc00d200000, size 12582912, fm_base_addr_phys 0x000000000d200000
<5>[   14.903902] RDP Physical address=0x82200000 Virtual address = 0xffffff8002c00000
<5>[   14.917021] configure_runner: NATC keysize 0x100070 key element size 16 contextsize 0x400000 context element size 64
<5>[   14.938947] rdd_init_params.runner_nat_cache_key_ptr=0xffffffc00db00000
<5>[   14.938957] rdd_init_params.runner_nat_cache_context_ptr=0xffffffc00d200000
<5>[   14.938960] rdd_init_params.runner_context_cont_ptr=0xffffffc00d600000
<5>[   15.404142] FPM_BPM phy_addr 0x82c30000,virt_addr 0xffffff8002ba8000
<5>[   15.404152] 
<5>[   15.404152]  RDP PKT memory = 64MB : Max Possible Bufs <16384> of size <4096>; Allocating <15360> bufs; RDP enum <5>
<5>[   15.549141] brcmchipinfo: brcm_chipinfo_init entry
<5>[   15.555079] crossbar[0]: Allocated cb_idx=0 int_ep=0
<5>[   15.555092] crossbar[0]: Add cb_idx=0 ext_ep=0 SERDES:6
<5>[   15.555098] crossbar Mux: connect cb_idx:0  int_ep 0 to ext_ep 0
<5>[   15.555102] crossbar Mux: connect cb_idx:0  int_ep 1 to ext_ep 2
<5>[   15.555127] 
<5>[   15.555127] Detecting PHYs...
<5>[   15.555226] 54991EL  B0 3590:5089 --> 0x1e 
<5>[   15.555231] 
<5>[   15.555231] Loading firmware into detected PHYs...
<5>[   15.555231] 
<5>[   15.555236] Firmware version: Blackfin B0 v02-02-06
<5>[   15.555238] Loading firmware into PHYs: map=0x40000000 count=1
<5>[   15.555241] Halt the PHYs processors operation
<5>[   15.557757] Upload the firmware into the on-chip memory
<5>[   15.557889] 
<5>[   15.557977] 0%1%2%3%4%
<7>[   15.824690] WDT now petted by pid 0 (swapper/1)
<5>[   15.871245] 5%6%7%8%9%10%11%12%13%14%15%16%17%18%19%20%21%22%23%24%25%26%27%28%29%30%31%32%33%34%35%36%37%38%39%40%41%42%43%44%45%46%47%48%49%50%51%52%53%54%55%56%57%58%59%60%61%62%63%64%65%66%67%68%69%70%71%72%73%74%75%76%77%78%79%80%81%82%83%84%85%86%87%88%89%90%91%92%93%94%95%96%97%98%99%100%
<5>[   21.814488] Reset the processors to start execution of the code in the on-chip memory
<5>[   21.816700] Verify that the processors are running: OK
<5>[   22.356028] Verify that the firmware has been loaded with good CRC: OK
<5>[   22.358074] Firmware loading completed successfully
<5>[   22.358074] 
<5>[   22.358081] Adjusted SF2 QGPHY: qphy_ctrl=0x0010802e ext_pwr_down=0x7
<5>[   22.358084] Adjusted SF2 SGPHY: sphy_ctrl=0x00010c1b
<5>[   22.358912] NOTE: Using Port Grouping for IMP ports : [ 3, 7 --> 8 ] 
<5>[   22.361446] BCMENET: Enabling Software GSO for eth1
<5>[   22.368857] getrcal for res select 5, int 673, ext 630, ratio 119 ratio1 164, rcal 10
<5>[   22.368867] Setting SGMII Calibration value to 0xa
<5>[   22.369022]     PLL_PON(8051): 0x0290; TX_PON(8067): 0x0050; RX_PON(80b2): 0x0a80
<5>[   22.855679] BCMENET: Enabling Software GSO for eth0
<6>[   22.856030] Set CPU affinity for bcmsw_rx to cpu0
<5>[   22.857300] <IntnlDev>:   Up   1G <00:00:00:00:00:00> <IntSw P0, Logical 00> 
<5>[   22.857300] <IntnlDev>:   Up   1G <00:00:00:00:00:00> <IntSw P1, Logical 01> 
<5>[   22.857300] <IntnlDev>:   Up   1G <00:00:00:00:00:00> <IntSw P2, Logical 02> 
<5>[   22.857300] <IntnlDev>:   Up   1G <00:00:00:00:00:00> <IntSw P3, Logical 03> 
<5>[   22.857300] eth1      : Down      <48:2F:6B:C1:13:C1> <ExtSw P3, Logical 11> PHY_ID <0x0007f00b:0x0b: On-chip 1G GPHY> Cfg: ANG.1G; Down 
<5>[   22.857300] eth0      : Down      <48:2F:6B:C1:13:C0> <ExtSw P7, Logical 15> 
<5>[   22.857300]       Chip Port  9, CrossBar Port 0, PHY_ID <0x06100006:0x06: On-chip 2.5G SERDES> Cfg: ANG.2.5G; Down 

<5>[   22.857300]                                      PHY_ID <0x0388001e:0x1e:External Cascaded 10G EXT3> Cfg: ANG.2.5G; Down 
<5>[   22.857300] <IntnlDev>:   Up   1G <00:00:00:00:00:00> <ExtSw P0, Logical 08> 
<5>[   22.857300] <IntnlDev>:   Up   1G <00:00:00:00:00:00> <ExtSw P1, Logical 09> 
<5>[   22.857308] <IntnlDev>:   Up   1G <00:00:00:00:00:00> <ExtSw P2, Logical 10> 
<5>[   22.857308] <IntnlDev>:   Up   1G <00:00:00:00:00:00> <ExtSw P4, Logical 12> 
<5>[   22.857308] <IntnlDev>:   Up 2.5G <00:00:00:00:00:00> <ExtSw P5, Logical 13> 
<5>[   22.857308] bcmswlpbk0:   Up 2.5G <48:2F:6B:C1:13:C0> <ExtSw P8, Logical 08> 
<5>[   22.857320] ===> Activate Deep Green Mode
<2>[   22.857324] bcmswlpbk0 (Ext switch port: 8) (Logical Port: 8) Virtual link DOWN
<5>[   22.937893] dgasp: kerSysRegisterDyingGaspHandler: bcmsw registered 
<6>[   22.944935] cryptodev: driver 1.8 loaded.
<4>[   22.977986] isl28022: loading out-of-tree module taints kernel.
<6>[   23.397380] Ethernet Channel Bonding Driver: v3.7.1 (April 27, 2011)
<6>[   23.397395] MII link monitoring set to 400 ms
<2>[   23.431599] phy_dev_power_set: port_name = eth0,  phy_addr = 6
<6>[   23.515459] bond0: Enslaving eth0 as a backup interface with a down link
<2>[   23.530360] phy_dev_power_set: port_name = eth1,  phy_addr = 11
<6>[   23.601504] bond0: Enslaving eth1 as a backup interface with a down link
<7>[   23.840672] Kernel watchdog refresh ended.
<5>[   24.374571] registered family anl_proxy id 25
<3>[   24.381573] uol_init_driver:660 HW offload not applicable, AP will use cutting through path!
<7>[   24.381588] WDT now petted by pid 3228 (busybox)
<6>[   24.486315] init_uol_mod: offload cap: 0x0, mesh mode none, strapless_enabled 0, uplink_vlan 0 wifi_uplink 0
<6>[   24.515684] AP xml model 127, num_radios 2 (jiffies 12134)
<6>[   24.515694] apType 127 hw_opmode 0
<6>[   24.515698] radio 0: band 1 ant 0 max_ssid 16
<6>[   24.515701] radio 1: band 0 ant 0 max_ssid 16
<5>[   24.515704] init_asap_mod: installation:0
<5>[   24.515728] election init: rand=f HZ=500
<7>[   24.515750] ethernet_device_event: dev eth1 registered
<5>[   24.515752] ethernet_device_event: dev eth1 is up
<7>[   24.515755] ethernet_device_event: dev eth0 registered
<5>[   24.515758] ethernet_device_event: dev eth0 is up
<5>[   24.545245] dev wuplink0 created.
<7>[   24.545723] sta total size 5016
<7>[   24.546789] sta total size 5016
<7>[   24.547826] sta total size 5016
<6>[   24.556994] bom init
<5>[   24.557068] bom_sfe_init()
<5>[   24.559701] SFE IPv4 init
<5>[   24.559718] SFE IPv6 init
<7>[   24.562059] [3]uol_sfe_aruba_module_event:607 Registered with SFE
<7>[   24.929626] wl_module_init: msglevel set to 0x1
<7>[   24.929636] wl_module_init: msglevel2 set to 0x0
<7>[   24.929639] wl_module_init: phymsglevel set to 0x0
<7>[   24.929642] wl_module_init: emsglevel set to 0x0
<7>[   24.929645] wl_module_init: passivemode set to 0x0
<7>[   24.929648] wl_module_init: txworkq set to 0x0
<7>[   24.929651] wl_module_init: wl_txq_thresh set to 0x0
<7>[   24.929654] wl_module_init: wl_txq_bound set to 0x100
<6>[   24.929703] wl 0000:01:00.0: enabling device (0000 -> 0002)
<7>[   24.929821] wl0: online cpus 4
<7>[   24.929876] Found chip type AI (0x1003aaae)
<7>[   24.930078] Chipc: rev 66, caps 0x58400009, chipst 0x6 pmurev 35, pmucaps 0x28a05223
<7>[   24.930293] ipxotp_init: mapping otpbase at 0x28007000 to 0xffffff8005cd0000
<7>[   24.932275] Thu Jan  1 08:00:11 1970:1           0.443660 Calibration data check pass.
<7>[   24.932911] Changing min_res_mask to 0x1814f
<7>[   24.932914] Changing max_res_mask to 0x7fffffff
<7>[   24.935060] BME Service Initialization
<7>[   24.935091] BME: M2M Core id 0x844 rev 3
<7>[   24.935242] wl0: wlc_attach: Overriding device id: 0x442b instead of 0xaaa4
<7>[   24.936262] wl0: phy_radio_attach: RF Band Cap: 2G:1 5G:1
<7>[   24.937371] ipxotp_init: mapping otpbase at 0x28007000 to 0xffffff8005cd0000
<7>[   24.952912] wl0: wlc_bmac_attach: chiprev 3 corerev 129 cccap 0x58400009 maccap 0xfbf38045 band 5G, phy_type 11 phy_rev 47

<7>[   24.963064] PCIEREG: 0xbc readval is 0x10120000
<7>[   24.963069] PCIEREG: 0xb8 readval is 0x46dc22
<7>[   24.964101] BME:register key<1010802> user RLM sel IDX set 1 mem 2 8 hi 0 0
<7>[   24.964365] BME:register key<6010208> user UN6 sel IDX set 2 mem 8 2 hi 0 0
<7>[   24.964708] wl0 taf_do_enable: TAF is enabled
<6>[   24.969553] wl0: creating kthread wl0-avs
<6>[   24.969645] wl0: Set CPU affinity for avs kernel thread to cpu 1 
<5>[   24.969805] wifi0: AP type AP-575, radio 0, max_bssids 16
<7>[   24.970215] Changing min_res_mask to 0x1814f
<7>[   24.970218] Changing max_res_mask to 0x7fffffff
<7>[   24.974533] wlc_ucode_download: wl0: Loading 129.1 EAP MU ucode
<7>[   25.085791] wl0: set txchain 15
<7>[   25.085821] wl0: set rxchain 15
<7>[   25.089328] Netlink - subscribe to ANL_SYSTEM_SERVICE_EVENT
<7>[   25.089604] wifi0: Broadcom BCM43684 802.11 Wireless Controller 17.20.21 (r821928 WLTEST) (Compiled in . at 00:59:24 on Sep 14 2023)
<7>[   25.089610] 
<6>[   25.089674] wl 0001:01:00.0: enabling device (0000 -> 0002)
<7>[   25.089897] Thu Jan  1 08:00:12 1970:2           0.601281 wifi0: Antenna Gain set to 5.0 
<7>[   25.094162] wl1: online cpus 4
<7>[   25.094243] Found chip type AI (0x1003aaae)
<7>[   25.094456] Chipc: rev 66, caps 0x58400009, chipst 0x6 pmurev 35, pmucaps 0x28a05223
<7>[   25.094733] ipxotp_init: mapping otpbase at 0x28007000 to 0xffffff8005ce0000
<7>[   25.095106] nvram_init: called again without calling nvram_exit()
<7>[   25.096752] Thu Jan  1 08:00:12 1970:3           0.608140 Calibration data check pass.
<7>[   25.097378] Changing min_res_mask to 0x1814f
<7>[   25.097381] Changing max_res_mask to 0x7fffffff
<7>[   25.099542] BME Service Initialization
<7>[   25.099574] BME: M2M Core id 0x844 rev 3
<7>[   25.099730] wl1: wlc_attach: Overriding device id: 0x442a instead of 0xaaa4
<7>[   25.100793] wl1: phy_radio_attach: RF Band Cap: 2G:1 5G:1
<7>[   25.101922] ipxotp_init: mapping otpbase at 0x28007000 to 0xffffff8005ce0000
<7>[   25.117264] wl1: wlc_bmac_attach: chiprev 3 corerev 129 cccap 0x58400009 maccap 0xfbf38045 band 2.4G, phy_type 11 phy_rev 47
<7>[   25.127691] PCIEREG: 0xbc readval is 0x10120000
<7>[   25.127698] PCIEREG: 0xb8 readval is 0x46dc22
<7>[   25.128769] BME:register key<1010802> user RLM sel IDX set 1 mem 2 8 hi 0 0
<7>[   25.129062] BME:register key<6010208> user UN6 sel IDX set 2 mem 8 2 hi 0 0
<7>[   25.129399] wl1 taf_do_enable: TAF is enabled
<7>[   25.133060] Thu Jan  1 08:00:12 1970:4           0.644442 wifi0: User EIRP:0.0 Actual EIRP:11.0 Max EIRP:31.7 Min EIRP:11.0
<6>[   25.139863] wl1: creating kthread wl1-avs
<6>[   25.139948] wl1: Set CPU affinity for avs kernel thread to cpu 2 
<5>[   25.140102] wifi1: AP type AP-575, radio 1, max_bssids 16
<7>[   25.140556] Changing min_res_mask to 0x1814f
<7>[   25.140559] Changing max_res_mask to 0x7fffffff
<7>[   25.144873] wlc_ucode_download: wl1: Loading 129.1 EAP MU ucode
<7>[   25.252354] wl1: wlc_iovar_ext: radar: BCME -13
<7>[   25.252364] wl1: set txchain 3
<7>[   25.252380] wl1: set rxchain 3
<7>[   25.256879] wifi1: Broadcom BCM43684 802.11 Wireless Controller 17.20.21 (r821928 WLTEST)
<7>[   25.256887]  (Compiled in . at 00:59:24 on Sep 14 2023)<7>[   25.256891] 
<7>[   25.257074] Thu Jan  1 08:00:12 1970:5           0.768458 wifi1: Antenna Gain set to 3.5 
<7>[   25.359053] Thu Jan  1 08:00:12 1970:6           0.870433 wifi1: User EIRP:0.0 Actual EIRP:6.5 Max EIRP:22.0 Min EIRP:6.5
<7>[   25.616151] WDT now petted by pid 2950 (wdg)
<5>[   26.375414] <=== Deactivate Deep Green Mode
<2>[   26.375465] bcmswlpbk0 (Ext switch port: 8) (Logical Port: 8) Virtual link UP
<2>[   26.453877] eth0 (Ext switch port: 7) (Logical Port: 15) (phyId: 1e) Link Up at 1000 mbps full duplex
<6>[   26.454640] Slave eth0 with speed 1000 Mbps full duplex
<5>[   26.454647] ethernet_device_event: dev eth0 is changed, carrier: 1
<6>[   26.598696] bond0: link status definitely up for interface eth0, 1000 Mbps full duplex
<6>[   26.598703] bond0: making interface eth0 the new active one

<6>[   26.599041] bond0: first active interface up!
<5>[   26.599170] ethernet_device_event: dev eth0 others: 25
<5>[   26.599175] ethernet_device_event: dev eth0 others: 25
<5>[   26.599180] ethernet_device_event: dev eth0 others: 25
<7>[   29.298123] WDT now petted by pid 3633 (wdg)
<7>[   31.968756] Netlink - chain_chng_netlink_service: service event from ap_hcm event 0
<7>[   31.969243] Netlink - chain_chng_netlink_service: service event from ap_hcm event 0
<7>[   31.969646] Netlink - chain_chng_netlink_service: service event from ap_hcm event 0
<7>[   32.167979] Netlink - chain_chng_netlink_service: service event from agt event 0
<7>[   32.168495] Netlink - chain_chng_netlink_service: service event from agt event 0
<7>[   32.168961] Netlink - chain_chng_netlink_service: service event from agt event 0
<7>[   37.144243] Netlink - chain_chng_netlink_service: service event from sapd_netlink_service event 0
<7>[   37.145402] Netlink - chain_chng_netlink_service: service event from sapd_netlink_service event 0
<7>[   37.145410] wl0: Netlink - chain msg : Radio:0, Chains:4 Fetch:1
<7>[   37.145425] wl0: Netlink - chain msg published
<7>[   37.145430] wl1: Netlink - chain msg : Radio:1, Chains:2 Fetch:1
<7>[   37.145435] wl1: Netlink - chain msg published
<7>[   37.146883] Netlink - chain_chng_netlink_service: service event from sapd_netlink_service event 0
<6>[   46.871467] device eth0 entered promiscuous mode
<3>[   47.606690] ip_time_handler: Got ip and packets on bond0 Started conductor election 23-0, rand 34
<5>[   48.706689] i am conductor now
<3>[   48.706706] (00:19:10) !!! Init ---> Conductor
<5>[   48.752717] asap_send_elected_conductor: sent successfully
<7>[   51.188113] Thu Sep 14 00:19:12 2023:7           0.000000 wifi0: Country Code set to SI
<7>[   51.231388] Thu Sep 14 00:19:12 2023:8           0.043274 wifi0: User EIRP:0.0 Actual EIRP:11.0 Max EIRP:21.5 Min EIRP:11.0
<7>[   51.235957] Thu Sep 14 00:19:12 2023:9           0.047835 wifi1: Country Code set to SI
<7>[   51.277957] Thu Sep 14 00:19:12 2023:10          0.089842 wifi1: User EIRP:0.0 Actual EIRP:6.5 Max EIRP:20.0 Min EIRP:6.5
<7>[   51.284090] Thu Sep 14 00:19:12 2023:11          0.095969 wifi0: Channel set to 149 using chanspec command 
<7>[   51.324461] Thu Sep 14 00:19:12 2023:12          0.136346 wifi0: User EIRP:14.0 Actual EIRP:14.0 Max EIRP:14.0 Min EIRP:11.0
<7>[   51.328912] Thu Sep 14 00:19:12 2023:13          0.140798 wifi1: Channel set to 1 using chanspec command 
<7>[   51.370216] Thu Sep 14 00:19:12 2023:14          0.182103 wifi1: User EIRP:20.0 Actual EIRP:20.0 Max EIRP:20.0 Min EIRP:6.5
<7>[   54.194350] Thu Sep 14 00:19:15 2023:15          3.006233 wl0 set max_distance 0, radio type 0, outdoor_ap 1, 
<7>[   54.194363] Thu Sep 14 00:19:15 2023:16          3.006259 wl0 apply max distance 0
<7>[   54.225767] Thu Sep 14 00:19:15 2023:17          3.037652 wifi0: HE Mode Enabled
<7>[   54.225810] Thu Sep 14 00:19:15 2023:18          3.037705 wifi0: VHT Mode Enabled
<7>[   54.225817] Thu Sep 14 00:19:15 2023:19          3.037713 wifi0: Beacon Interval 100
<7>[   54.225824] Thu Sep 14 00:19:15 2023:20          3.037720 wifi0: HT Mode Enabled
<7>[   54.225883] Thu Sep 14 00:19:15 2023:21          3.037778 wifi0: Channel set to 149 using chanspec command 
<7>[   54.225890] Thu Sep 14 00:19:15 2023:22          3.037786 wifi0: Enabling 40MHz (channel 149+)
<7>[   54.265658] Thu Sep 14 00:19:15 2023:23          3.077544 wifi0: CDD Override is set to 0
<7>[   54.265686] Thu Sep 14 00:19:15 2023:24          3.077582 wifi0: txbf is enabled
<7>[   54.269531] Thu Sep 14 00:19:15 2023:25          3.081417 wifi0: User EIRP:14.0 Actual EIRP:14.0 Max EIRP:14.0 Min EIRP:11.0
<7>[   54.346146] Thu Sep 14 00:19:15 2023:26          3.158022 wl1 set max_distance 0, radio type 0, outdoor_ap 1, 
<7>[   54.346159] Thu Sep 14 00:19:15 2023:27          3.158055 wl1 apply max distance 0
<7>[   54.351928] Thu Sep 14 00:19:15 2023:28          3.163805 wifi1: HE Mode Enabled
<7>[   54.351945] Thu Sep 14 00:19:15 2023:29          3.163841 wifi1: Beacon Interval 100

<7>[   54.351982] Thu Sep 14 00:19:15 2023:30          3.163878 wifi1: HT Mode Enabled
<7>[   54.352041] Thu Sep 14 00:19:15 2023:31          3.163936 wifi1: Channel set to 1 using chanspec command 
<7>[   54.396431] Thu Sep 14 00:19:15 2023:32          3.208316 wifi1: 40MHz Intolerant set to 0
<7>[   54.396756] Thu Sep 14 00:19:15 2023:33          3.208650 wifi1: CDD Override is set to 0
<7>[   54.396778] Thu Sep 14 00:19:15 2023:34          3.208674 wifi1: txbf is enabled
<7>[   54.399702] Thu Sep 14 00:19:15 2023:35          3.211588 wifi1: User EIRP:20.0 Actual EIRP:20.0 Max EIRP:20.0 Min EIRP:6.5
<7>[   54.446813] wl0: Received mute=0, floodgate is now 1
<7>[   54.482631] wl0: bsscfg idx 1 mac 48:2f:6b:91:3c:10 
<7>[   54.483430] Thu Sep 14 00:19:15 2023:vap_device_event: dev aruba000 (0:0) has been registered
<7>[   54.483486] asap_vap_attach: asap_vaps[0][0] attached, vap: ffffffc02a551000, dev: aruba000 ffffffc000932000
<7>[   54.486492] vap dev: aruba000, forward mode change from 0 to 1
<7>[   54.486887] Thu Sep 14 00:19:15 2023:36          3.298776 aruba000: Scheduling VAP DOWN CONFIG update
<7>[   54.486922] Thu Sep 14 00:19:15 2023:37          3.298817 aruba000: Forwarding Mode set to 1
<7>[   54.486929] Thu Sep 14 00:19:15 2023:38          3.298825 aruba000: ESSID set to Celje WiFi
<7>[   54.486948] Thu Sep 14 00:19:15 2023:39          3.298844 aruba000: WME_APSD set to 1
<7>[   54.486981] Thu Sep 14 00:19:15 2023:40          3.298877 aruba000: WME set to 1
<7>[   54.487126] Thu Sep 14 00:19:15 2023:41          3.299022 aruba000: Basic Rate set to 336
<7>[   54.487133] Thu Sep 14 00:19:15 2023:42          3.299029 aruba000: Supported Rate set to 4080
<7>[   54.487140] Thu Sep 14 00:19:15 2023:43          3.299036 aruba000: Supported VHT mcsmap set to 0xaaaa
<7>[   54.487147] Thu Sep 14 00:19:15 2023:44          3.299043 aruba000: Supported HE mcsmap set to 0xaaaa
<7>[   54.487175] Thu Sep 14 00:19:15 2023:45          3.299071 aruba000: HT Mode set to 1
<7>[   54.487181] Thu Sep 14 00:19:15 2023:46          3.299078 aruba000: 40MHz Enabled
<7>[   54.487207] Thu Sep 14 00:19:15 2023:47          3.299103 aruba000: VHT Mode set to 1
<7>[   54.487233] Thu Sep 14 00:19:15 2023:48          3.299129 aruba000: 80MHz Disabled
<7>[   54.487259] Thu Sep 14 00:19:15 2023:49          3.299155 aruba000: HE Mode set to 1
<7>[   54.487288] Thu Sep 14 00:19:15 2023:50          3.299184 aruba000: New OFDMA setting 1
<7>[   54.487307] Thu Sep 14 00:19:15 2023:51          3.299203 aruba000: VAP DOWN CONFIG DONE
<7>[   54.487688] Thu Sep 14 00:19:15 2023:52          3.299584 aruba000: Scheduling VAP UP CONFIG update
<7>[   54.487737] Thu Sep 14 00:19:15 2023:53          3.299633 aruba000: STA Ageout set to 1000
<7>[   54.487804] Thu Sep 14 00:19:15 2023:54          3.299700 aruba000: Max retries set to 64
<7>[   54.487832] Thu Sep 14 00:19:15 2023:55          3.299728 aruba000: Short Preamble set to 1
<7>[   54.487866] Thu Sep 14 00:19:15 2023:56          3.299761 aruba000: RTS Threshold set to 2333
<7>[   54.487873] Thu Sep 14 00:19:15 2023:57          3.299768 aruba000: A-MPDU: Enabled, Tx Max 255 Rx Max -1 Min Spacing 255
<7>[   54.487893] Thu Sep 14 00:19:15 2023:58          3.299789 aruba000: VHT MPDU-size set to 1
<7>[   54.488001] Thu Sep 14 00:19:15 2023:59          3.299896 aruba000: RX AMSDU Enable
<7>[   54.488008] Thu Sep 14 00:19:15 2023:60          3.299903 aruba000: TX AMSDU: count be set to 2, count bk set to 2, count vi set to 2, count vo set to 0
<7>[   54.488017] Thu Sep 14 00:19:15 2023:61          3.299913 aruba000: 20MHz GI Enabled, 40MHz GI Enabled, 80MHz GI Enabled
<7>[   54.488027] Thu Sep 14 00:19:15 2023:62          3.299923 aruba000: LDPC Enabled
<7>[   54.488049] Thu Sep 14 00:19:15 2023:63          3.299945 aruba000: STBC TX Enabled
<7>[   54.488147] Thu Sep 14 00:19:15 2023:64          3.300043 aruba000: STBC RX Enabled
<7>[   54.488219] Thu Sep 14 00:19:15 2023:65          3.300115 aruba000: MU-MIMO sounding period set to 128 ms.

<7>[   54.488247] Thu Sep 14 00:19:15 2023:66          3.300143 aruba000: TXBF Enabled
<7>[   54.488293] Thu Sep 14 00:19:15 2023:67          3.300189 aruba000: vap max-clients to 128
<7>[   54.488445] Thu Sep 14 00:19:15 2023:68          3.300341 aruba000: Refresh Direction set to 2
<7>[   54.488472] wl: wlc_vndr_ie_list_del(): IE not in list
<7>[   54.488476] wl0: wlc_iovar_ext: vndr_ie: BCME -30
<7>[   54.488479] wl0: set dpp vendor ie failed, err= -30
<7>[   54.488487] Thu Sep 14 00:19:15 2023:69          3.300383 aruba000: VAP UP CONFIG Update DONE
<7>[   54.629664] wl0: No regulatory class assigned for #a chanspec 0xd897
<7>[   54.629679] wl0: No regulatory class assigned for #a chanspec 0xd997
<7>[   54.629686] wl0: No regulatory class assigned for #a chanspec 0xe09b
<7>[   54.629693] wl0: No regulatory class assigned for #a chanspec 0xd89f
<7>[   54.629696] wl0: No regulatory class assigned for #a chanspec 0xd99f
<7>[   54.636574] Thu Sep 14 00:19:16 2023: vap_device_event: dev aruba000 (0:0) is up
<7>[   54.642352] Thu Sep 14 00:19:16 2023:70          3.454235 aruba000: Scheduling VAP DOWN CONFIG update
<7>[   54.642391] Thu Sep 14 00:19:16 2023:71          3.454286 aruba000: VAP DOWN CONFIG DONE
<7>[   54.831107] wl0: No regulatory class assigned for #a chanspec 0xd897
<7>[   54.831119] wl0: No regulatory class assigned for #a chanspec 0xd997
<7>[   54.831126] wl0: No regulatory class assigned for #a chanspec 0xe09b
<7>[   54.831132] wl0: No regulatory class assigned for #a chanspec 0xd89f
<7>[   54.831136] wl0: No regulatory class assigned for #a chanspec 0xd99f
<7>[   54.836976] vap dev: aruba000, forward mode change from 0 to 1
<7>[   54.838923] Thu Sep 14 00:19:16 2023:72          3.650809 
<7>[   54.838923]  first_wmm_ac_dscp[59] = c8
<7>[   54.838941] Thu Sep 14 00:19:16 2023:73          3.650834 
<7>[   54.838941]  wmm_ac_dscp_map[59] = 0/Thu Sep 14 00:19:16 2023:74          3.650865 
<7>[   54.838969]  first_wmm_ac_dscp[58] = c8
<7>[   54.838975] Thu Sep 14 00:19:16 2023:75          3.650871 
<7>[   54.838975]  wmm_ac_dscp_map[58] = 0/Thu Sep 14 00:19:16 2023:76          3.650896 
<7>[   54.839001]  first_wmm_ac_dscp[57] = c8
<7>[   54.839006] Thu Sep 14 00:19:16 2023:77          3.650902 
<7>[   54.839006]  wmm_ac_dscp_map[57] = 0/Thu Sep 14 00:19:16 2023:78          3.650927 
<7>[   54.839031]  first_wmm_ac_dscp[56] = c8
<7>[   54.839036] Thu Sep 14 00:19:16 2023:79          3.650932 
<7>[   54.839036]  wmm_ac_dscp_map[56] = 0/<7>[   54.846233] Thu Sep 14 00:19:16 2023:80          3.658113 aruba000: Scheduling VAP DOWN CONFIG update
<7>[   54.846356] Thu Sep 14 00:19:16 2023:81          3.658251 aruba000: Basic Rate set to 320
<7>[   54.846363] Thu Sep 14 00:19:16 2023:82          3.658259 aruba000: Supported Rate set to 4032
<7>[   54.846369] Thu Sep 14 00:19:16 2023:83          3.658265 aruba000: Supported VHT mcsmap set to 0xaaaa
<7>[   54.846375] Thu Sep 14 00:19:16 2023:84          3.658272 aruba000: Supported HE mcsmap set to 0xaaaa
<7>[   54.846411] Thu Sep 14 00:19:16 2023:85          3.658307 aruba000: Beacon rate set to 65535
<7>[   54.846430] Thu Sep 14 00:19:16 2023:86          3.658326 aruba000: VAP DOWN CONFIG DONE
<7>[   54.846661] Thu Sep 14 00:19:16 2023:87          3.658555 aruba000: Scheduling VAP UP CONFIG update
<7>[   54.846705] Thu Sep 14 00:19:16 2023:88          3.658600 aruba000: MCAST_RATE_OPT set to 1
<7>[   54.846731] Thu Sep 14 00:19:16 2023:89          3.658627 aruba000: DMO Enable
<7>[   54.846759] Thu Sep 14 00:19:16 2023:90          3.658654 aruba000: DMO utilization set to 90
<7>[   54.846782] wl0: wlc_iovar_ext: aruba_dmo_max_clients: BCME -15
<7>[   54.846786] wl0: set dmo max clients failed ret[-15]
<7>[   54.846864] Thu Sep 14 00:19:16 2023:91          3.658759 aruba000: Max retries set to 8
<7>[   54.846872] Thu Sep 14 00:19:16 2023:92          3.658767 aruba000: A-MPDU: Enabled, Tx Max 255 Rx Max -1 Min Spacing 255
<7>[   54.846945] Thu Sep 14 00:19:16 2023:93          3.658840 aruba000: MU-MIMO sounding period set to 128 ms.

<7>[   54.846973] Thu Sep 14 00:19:16 2023:94          3.658869 aruba000: MU-MIMO TXBF Enabled
<7>[   54.847028] wl0: wlc_iovar_ext: fbt_ap: BCME -1
<7>[   54.847069] Thu Sep 14 00:19:16 2023:95          3.658965 aruba000: vap max-clients to 64
<7>[   54.847138] Thu Sep 14 00:19:16 2023:96          3.659033 aruba000: Multicast rate set to 65535 (65535)
<7>[   54.847231] wl: wlc_vndr_ie_list_del(): IE not in list
<7>[   54.847235] wl0: wlc_iovar_ext: vndr_ie: BCME -30
<7>[   54.847238] wl0: set dpp vendor ie failed, err= -30
<7>[   54.847270] wl0: pdftm_set_iov: status -5 for cmd 2 sid 0 req len 6
<7>[   54.847273] wl0: wlc_iovar_ext: proxd: BCME -5
<7>[   54.847276] wl0: Enable FTM failed .
<7>[   54.847282] Thu Sep 14 00:19:16 2023:97          3.659178 aruba000: VAP UP CONFIG Update DONE
<7>[   54.853284] wl0: 2 packets not freed at wlc_down. MBSS=1
<7>[   54.853300] bss[1] spt[0]=ffffffc027296840 in_use=0 flags=00000000 flags2=0000
<7>[   54.853305] bss[1] spt[1]=ffffffc038cab080 in_use=0 flags=00000000 flags2=0000
<7>[   54.853353] Thu Sep 14 00:19:16 2023:98          3.665242 aruba000: Scheduling VAP DOWN CONFIG update
<7>[   54.853413] Thu Sep 14 00:19:16 2023:99          3.665309 aruba000: VAP DOWN CONFIG DONE
<7>[   54.986479] Thu Sep 14 00:19:16 2023:100         3.798356 wifi1: VHT Mode Disabled
<7>[   54.986580] Thu Sep 14 00:19:16 2023:101         3.798474 wifi1: Channel set to 1 using chanspec command 
<7>[   55.028166] wl1: Received mute=0, floodgate is now 1
<7>[   55.028305] Thu Sep 14 00:19:16 2023:102         3.840193 wifi1: Energy Detect Threshold (EDT) set to -62dBm
<7>[   55.030594] Thu Sep 14 00:19:16 2023:103         3.842487 wifi1: User EIRP:20.0 Actual EIRP:20.0 Max EIRP:20.0 Min EIRP:6.5
<7>[   55.064299] wl0: No regulatory class assigned for #a chanspec 0xd897
<7>[   55.064313] wl0: No regulatory class assigned for #a chanspec 0xd997
<7>[   55.064320] wl0: No regulatory class assigned for #a chanspec 0xe09b
<7>[   55.064326] wl0: No regulatory class assigned for #a chanspec 0xd89f
<7>[   55.064330] wl0: No regulatory class assigned for #a chanspec 0xd99f
<7>[   55.094595] wl1: bsscfg idx 1 mac 48:2f:6b:91:3c:00 
<7>[   55.095392] Thu Sep 14 00:19:16 2023:vap_device_event: dev aruba100 (1:0) has been registered
<7>[   55.095454] asap_vap_attach: asap_vaps[1][0] attached, vap: ffffffc0389db400, dev: aruba100 ffffffc038874000
<7>[   55.098120] vap dev: aruba100, forward mode change from 0 to 1
<7>[   55.098403] Thu Sep 14 00:19:16 2023:104         3.910294 aruba100: Scheduling VAP DOWN CONFIG update
<7>[   55.098434] Thu Sep 14 00:19:16 2023:105         3.910330 aruba100: Forwarding Mode set to 1
<7>[   55.098442] Thu Sep 14 00:19:16 2023:106         3.910338 aruba100: ESSID set to Celje WiFi
<7>[   55.098459] Thu Sep 14 00:19:16 2023:107         3.910355 aruba100: WME_APSD set to 1
<7>[   55.098501] Thu Sep 14 00:19:16 2023:108         3.910392 aruba100: WME set to 1
<7>[   55.098633] Thu Sep 14 00:19:16 2023:109         3.910529 aruba100: Basic Rate set to 3
<7>[   55.098640] Thu Sep 14 00:19:16 2023:110         3.910536 aruba100: Supported Rate set to 4095
<7>[   55.098647] Thu Sep 14 00:19:16 2023:111         3.910542 aruba100: Supported VHT mcsmap set to 0xaaaa
<7>[   55.098653] Thu Sep 14 00:19:16 2023:112         3.910549 aruba100: Supported HE mcsmap set to 0xaaaa
<7>[   55.098700] Thu Sep 14 00:19:16 2023:113         3.910596 aruba100: HT Mode set to 1
<7>[   55.098706] Thu Sep 14 00:19:16 2023:114         3.910603 aruba100: 40MHz Disabled
<7>[   55.098732] Thu Sep 14 00:19:16 2023:115         3.910628 aruba100: VHT Mode set to 0
<7>[   55.098758] Thu Sep 14 00:19:16 2023:116         3.910654 aruba100: 80MHz Disabled
<7>[   55.098784] Thu Sep 14 00:19:16 2023:117         3.910680 aruba100: HE Mode set to 1
<7>[   55.098814] Thu Sep 14 00:19:16 2023:118         3.910709 aruba100: New OFDMA setting 1
<7>[   55.098831] Thu Sep 14 00:19:16 2023:119         3.910728 aruba100: VAP DOWN CONFIG DONE

<7>[   55.099196] Thu Sep 14 00:19:16 2023:120         3.911091 aruba100: Scheduling VAP UP CONFIG update
<7>[   55.099245] Thu Sep 14 00:19:16 2023:121         3.911141 aruba100: STA Ageout set to 1000
<7>[   55.099308] Thu Sep 14 00:19:16 2023:122         3.911204 aruba100: Max retries set to 64
<7>[   55.099336] Thu Sep 14 00:19:16 2023:123         3.911231 aruba100: Short Preamble set to 1
<7>[   55.099368] Thu Sep 14 00:19:16 2023:124         3.911264 aruba100: RTS Threshold set to 2333
<7>[   55.099375] Thu Sep 14 00:19:16 2023:125         3.911271 aruba100: A-MPDU: Enabled, Tx Max 255 Rx Max -1 Min Spacing 255
<7>[   55.099394] Thu Sep 14 00:19:16 2023:126         3.911290 aruba100: VHT MPDU-size set to 1
<7>[   55.099500] Thu Sep 14 00:19:16 2023:127         3.911396 aruba100: RX AMSDU Enable
<7>[   55.099508] Thu Sep 14 00:19:16 2023:128         3.911403 aruba100: TX AMSDU: count be set to 2, count bk set to 2, count vi set to 2, count vo set to 0
<7>[   55.099516] Thu Sep 14 00:19:16 2023:129         3.911411 aruba100: 20MHz GI Enabled, 40MHz GI Enabled, 80MHz GI Disabled
<7>[   55.099525] Thu Sep 14 00:19:16 2023:130         3.911421 aruba100: LDPC Enabled
<7>[   55.099548] Thu Sep 14 00:19:16 2023:131         3.911444 aruba100: STBC TX Enabled
<7>[   55.099645] Thu Sep 14 00:19:16 2023:132         3.911542 aruba100: STBC RX Enabled
<7>[   55.099674] Thu Sep 14 00:19:16 2023:133         3.911570 aruba100: TXBF Enabled
<7>[   55.099719] Thu Sep 14 00:19:16 2023:134         3.911615 aruba100: vap max-clients to 128
<7>[   55.099887] Thu Sep 14 00:19:16 2023:135         3.911783 aruba100: Refresh Direction set to 2
<7>[   55.099914] wl: wlc_vndr_ie_list_del(): IE not in list
<7>[   55.099917] wl1: wlc_iovar_ext: vndr_ie: BCME -30
<7>[   55.099920] wl1: set dpp vendor ie failed, err= -30
<7>[   55.099928] Thu Sep 14 00:19:16 2023:136         3.911824 aruba100: VAP UP CONFIG Update DONE
<7>[   55.233713] wl1 bmac set short slot 1, wl status 1
<7>[   55.240108] Thu Sep 14 00:19:16 2023: vap_device_event: dev aruba100 (1:0) is up
<7>[   55.248896] Thu Sep 14 00:19:16 2023:137         4.060781 aruba100: Scheduling VAP DOWN CONFIG update
<7>[   55.248926] Thu Sep 14 00:19:16 2023:138         4.060821 aruba100: VAP DOWN CONFIG DONE
<7>[   55.426145] wl1 bmac set short slot 1, wl status 1
<7>[   55.432413] vap dev: aruba100, forward mode change from 0 to 1
<7>[   55.432854] Thu Sep 14 00:19:16 2023:139         4.244743 
<7>[   55.432854]  first_wmm_ac_dscp[59] = c8
<7>[   55.432862] Thu Sep 14 00:19:16 2023:140         4.244757 
<7>[   55.432862]  wmm_ac_dscp_map[59] = 0/Thu Sep 14 00:19:16 2023:141         4.244784 
<7>[   55.432888]  first_wmm_ac_dscp[58] = c8
<7>[   55.432894] Thu Sep 14 00:19:16 2023:142         4.244789 
<7>[   55.432894]  wmm_ac_dscp_map[58] = 0/Thu Sep 14 00:19:16 2023:143         4.244814 
<7>[   55.432919]  first_wmm_ac_dscp[57] = c8
<7>[   55.432924] Thu Sep 14 00:19:16 2023:144         4.244820 
<7>[   55.432924]  wmm_ac_dscp_map[57] = 0/Thu Sep 14 00:19:16 2023:145         4.244845 
<7>[   55.432950]  first_wmm_ac_dscp[56] = c8
<7>[   55.432955] Thu Sep 14 00:19:16 2023:146         4.244851 
<7>[   55.432955]  wmm_ac_dscp_map[56] = 0/<7>[   55.437280] Thu Sep 14 00:19:16 2023:147         4.249173 aruba100: Scheduling VAP DOWN CONFIG update
<7>[   55.437387] Thu Sep 14 00:19:16 2023:148         4.249282 aruba100: Basic Rate set to 320
<7>[   55.437394] Thu Sep 14 00:19:16 2023:149         4.249290 aruba100: Supported Rate set to 4032
<7>[   55.437400] Thu Sep 14 00:19:16 2023:150         4.249296 aruba100: Supported VHT mcsmap set to 0xaaaa
<7>[   55.437407] Thu Sep 14 00:19:16 2023:151         4.249303 aruba100: Supported HE mcsmap set to 0xaaaa
<7>[   55.437442] Thu Sep 14 00:19:16 2023:152         4.249338 aruba100: Beacon rate set to 65535
<7>[   55.437461] Thu Sep 14 00:19:16 2023:153         4.249357 aruba100: VAP DOWN CONFIG DONE
<7>[   55.437683] Thu Sep 14 00:19:16 2023:154         4.249579 aruba100: Scheduling VAP UP CONFIG update

<7>[   55.437712] Thu Sep 14 00:19:16 2023:155         4.249608 aruba100: MCAST_RATE_OPT set to 1
<7>[   55.437738] Thu Sep 14 00:19:16 2023:156         4.249634 aruba100: DMO Enable
<7>[   55.437765] Thu Sep 14 00:19:16 2023:157         4.249661 aruba100: DMO utilization set to 90
<7>[   55.437789] wl1: wlc_iovar_ext: aruba_dmo_max_clients: BCME -15
<7>[   55.437792] wl1: set dmo max clients failed ret[-15]
<7>[   55.437866] Thu Sep 14 00:19:16 2023:158         4.249762 aruba100: Max retries set to 8
<7>[   55.437874] Thu Sep 14 00:19:16 2023:159         4.249770 aruba100: A-MPDU: Enabled, Tx Max 255 Rx Max -1 Min Spacing 255
<7>[   55.437906] Thu Sep 14 00:19:16 2023:160         4.249802 aruba100: TXBF Disabled
<7>[   55.437977] wl1: wlc_iovar_ext: fbt_ap: BCME -1
<7>[   55.438018] Thu Sep 14 00:19:16 2023:161         4.249914 aruba100: vap max-clients to 64
<7>[   55.438102] Thu Sep 14 00:19:16 2023:162         4.249998 aruba100: Multicast rate set to 65535 (65535)
<7>[   55.438190] wl: wlc_vndr_ie_list_del(): IE not in list
<7>[   55.438194] wl1: wlc_iovar_ext: vndr_ie: BCME -30
<7>[   55.438197] wl1: set dpp vendor ie failed, err= -30
<7>[   55.438204] Thu Sep 14 00:19:16 2023:163         4.250100 aruba100: VAP UP CONFIG Update DONE
<7>[   55.442626] wl1: 2 packets not freed at wlc_down. MBSS=1
<7>[   55.442635] bss[1] spt[0]=ffffffc038c3bd00 in_use=0 flags=00000000 flags2=0000
<7>[   55.442639] bss[1] spt[1]=ffffffc0273180c0 in_use=0 flags=00000000 flags2=0000
<7>[   55.442696] Thu Sep 14 00:19:16 2023:164         4.254588 aruba100: Scheduling VAP DOWN CONFIG update
<7>[   55.442733] Thu Sep 14 00:19:16 2023:165         4.254629 aruba100: VAP DOWN CONFIG DONE
<7>[   55.619028] wl1 bmac set short slot 1, wl status 1
<7>[   55.649957] qos_map_str_conv: QOS map exceptions '' is NULL. Resetting.
<7>[   55.650106] Thu Sep 14 00:19:17 2023:166         4.461996 aruba000: Scheduling VAP UP CONFIG update
<7>[   55.650134] wl0: wlc_iovar_ext: aruba_dmo_max_clients: BCME -15
<7>[   55.650138] wl0: set dmo max clients failed ret[-15]
<7>[   55.650146] Thu Sep 14 00:19:17 2023:167         4.462041 aruba000: A-MPDU: Enabled, Tx Max 255 Rx Max -1 Min Spacing 255
<7>[   55.650218] Thu Sep 14 00:19:17 2023:168         4.462114 aruba000: MU-MIMO sounding period set to 128 ms.
<7>[   55.650309] wl: wlc_vndr_ie_list_del(): IE not in list
<7>[   55.650313] wl0: wlc_iovar_ext: vndr_ie: BCME -30
<7>[   55.650316] wl0: set dpp vendor ie failed, err= -30
<7>[   55.650451] wl0: pdftm_set_iov: status -5 for cmd 2 sid 0 req len 6
<7>[   55.650455] wl0: wlc_iovar_ext: proxd: BCME -5
<7>[   55.650458] wl0: Enable FTM failed .
<7>[   55.650464] Thu Sep 14 00:19:17 2023:169         4.462360 aruba000: VAP UP CONFIG Update DONE
<7>[   55.651144] qos_map_str_conv: QOS map exceptions '' is NULL. Resetting.
<7>[   55.651273] Thu Sep 14 00:19:17 2023:170         4.463168 aruba100: Scheduling VAP UP CONFIG update
<7>[   55.651306] wl1: wlc_iovar_ext: aruba_dmo_max_clients: BCME -15
<7>[   55.651309] wl1: set dmo max clients failed ret[-15]
<7>[   55.651316] Thu Sep 14 00:19:17 2023:171         4.463211 aruba100: A-MPDU: Enabled, Tx Max 255 Rx Max -1 Min Spacing 255
<7>[   55.651418] wl: wlc_vndr_ie_list_del(): IE not in list
<7>[   55.651422] wl1: wlc_iovar_ext: vndr_ie: BCME -30
<7>[   55.651425] wl1: set dpp vendor ie failed, err= -30
<7>[   55.651478] Thu Sep 14 00:19:17 2023:172         4.463374 aruba100: VAP UP CONFIG Update DONE
<7>[   55.654010] wl0: bsscfg idx 2 mac 48:2f:6b:91:3c:11 
<7>[   55.654732] Thu Sep 14 00:19:17 2023:vap_device_event: dev aruba001 (0:1) has been registered
<7>[   55.654779] asap_vap_attach: asap_vaps[0][1] attached, vap: ffffffc038cd8000, dev: aruba001 ffffffc035cd1000
<7>[   55.657213] vap dev: aruba001, forward mode change from 0 to 1
<7>[   55.657486] Thu Sep 14 00:19:17 2023:173         4.469377 aruba001: Scheduling VAP DOWN CONFIG update
<7>[   55.657517] Thu Sep 14 00:19:17 2023:174         4.469413 aruba001: Forwarding Mode set to 1

<7>[   55.657524] Thu Sep 14 00:19:17 2023:175         4.469421 aruba001: ESSID set to _owetm_Celje WiFi3516045617
<7>[   55.657542] Thu Sep 14 00:19:17 2023:176         4.469438 aruba001: WME_APSD set to 1
<7>[   55.657575] Thu Sep 14 00:19:17 2023:177         4.469471 aruba001: WME set to 1
<7>[   55.658033] Thu Sep 14 00:19:17 2023:178         4.469927 aruba001: Basic Rate set to 336
<7>[   55.658040] Thu Sep 14 00:19:17 2023:179         4.469935 aruba001: Supported Rate set to 4080
<7>[   55.658046] Thu Sep 14 00:19:17 2023:180         4.469942 aruba001: Supported VHT mcsmap set to 0xaaaa
<7>[   55.658052] Thu Sep 14 00:19:17 2023:181         4.469949 aruba001: Supported HE mcsmap set to 0xaaaa
<7>[   55.658080] Thu Sep 14 00:19:17 2023:182         4.469976 aruba001: HT Mode set to 1
<7>[   55.658087] Thu Sep 14 00:19:17 2023:183         4.469983 aruba001: 40MHz Enabled
<7>[   55.658113] Thu Sep 14 00:19:17 2023:184         4.470009 aruba001: VHT Mode set to 1
<7>[   55.658139] Thu Sep 14 00:19:17 2023:185         4.470035 aruba001: 80MHz Disabled
<7>[   55.658164] Thu Sep 14 00:19:17 2023:186         4.470060 aruba001: HE Mode set to 1
<7>[   55.658194] Thu Sep 14 00:19:17 2023:187         4.470089 aruba001: New OFDMA setting 1
<7>[   55.658210] Thu Sep 14 00:19:17 2023:188         4.470106 aruba001: VAP DOWN CONFIG DONE
<7>[   55.658350] Thu Sep 14 00:19:17 2023:189         4.470246 aruba001: Scheduling VAP UP CONFIG update
<7>[   55.658398] Thu Sep 14 00:19:17 2023:190         4.470294 aruba001: STA Ageout set to 1000
<7>[   55.658459] Thu Sep 14 00:19:17 2023:191         4.470355 aruba001: Max retries set to 64
<7>[   55.658486] Thu Sep 14 00:19:17 2023:192         4.470382 aruba001: Short Preamble set to 1
<7>[   55.658518] Thu Sep 14 00:19:17 2023:193         4.470414 aruba001: RTS Threshold set to 2333
<7>[   55.658526] Thu Sep 14 00:19:17 2023:194         4.470421 aruba001: A-MPDU: Enabled, Tx Max 255 Rx Max -1 Min Spacing 255
<7>[   55.658545] Thu Sep 14 00:19:17 2023:195         4.470441 aruba001: VHT MPDU-size set to 1
<7>[   55.658648] Thu Sep 14 00:19:17 2023:196         4.470544 aruba001: RX AMSDU Enable
<7>[   55.658656] Thu Sep 14 00:19:17 2023:197         4.470551 aruba001: TX AMSDU: count be set to 2, count bk set to 2, count vi set to 2, count vo set to 0
<7>[   55.658672] Thu Sep 14 00:19:17 2023:198         4.470559 aruba001: 20MHz GI Enabled, 40MHz GI Enabled, 80MHz GI Enabled
<7>[   55.658680] Thu Sep 14 00:19:17 2023:199         4.470577 aruba001: LDPC Enabled
<7>[   55.658738] Thu Sep 14 00:19:17 2023:200         4.470633 aruba001: STBC TX Enabled
<7>[   55.658821] Thu Sep 14 00:19:17 2023:201         4.470716 aruba001: STBC RX Enabled
<7>[   55.658890] Thu Sep 14 00:19:17 2023:202         4.470785 aruba001: MU-MIMO sounding period set to 128 ms.
<7>[   55.658917] Thu Sep 14 00:19:17 2023:203         4.470814 aruba001: TXBF Enabled
<7>[   55.658961] Thu Sep 14 00:19:17 2023:204         4.470856 aruba001: vap max-clients to 128
<7>[   55.659109] Thu Sep 14 00:19:17 2023:205         4.471005 aruba001: Refresh Direction set to 2
<7>[   55.659135] wl: wlc_vndr_ie_list_del(): IE not in list
<7>[   55.659139] wl0: wlc_iovar_ext: vndr_ie: BCME -30
<7>[   55.659142] wl0: set dpp vendor ie failed, err= -30
<7>[   55.659149] Thu Sep 14 00:19:17 2023:206         4.471045 aruba001: VAP UP CONFIG Update DONE
<7>[   55.663166] wl0: 2 packets not freed at wlc_down. MBSS=1
<7>[   55.663182] bss[2] spt[0]=ffffffc02c7b0340 in_use=0 flags=00000000 flags2=0000
<7>[   55.663186] bss[2] spt[1]=ffffffc038c985c0 in_use=0 flags=00000000 flags2=0000
<7>[   55.663235] Thu Sep 14 00:19:17 2023:207         4.475124 aruba000: Scheduling VAP DOWN CONFIG update
<7>[   55.663291] Thu Sep 14 00:19:17 2023:208         4.475186 aruba000: VAP DOWN CONFIG DONE
<7>[   55.663298] Thu Sep 14 00:19:17 2023:209         4.475195 aruba001: Scheduling VAP DOWN CONFIG update
<7>[   55.663313] Thu Sep 14 00:19:17 2023:210         4.475209 aruba001: VAP DOWN CONFIG DONE

<7>[   55.708519] Thu Sep 14 00:19:17 2023: vap_device_event: dev aruba001 (0:1) is up
<7>[   55.858053] wl0: No regulatory class assigned for #a chanspec 0xd897
<7>[   55.858064] wl0: No regulatory class assigned for #a chanspec 0xd997
<7>[   55.858071] wl0: No regulatory class assigned for #a chanspec 0xe09b
<7>[   55.858077] wl0: No regulatory class assigned for #a chanspec 0xd89f
<7>[   55.858081] wl0: No regulatory class assigned for #a chanspec 0xd99f
<7>[   55.889833] vap dev: aruba001, forward mode change from 0 to 1
<7>[   55.890349] Thu Sep 14 00:19:17 2023:211         4.702238 
<7>[   55.890349]  first_wmm_ac_dscp[59] = c8
<7>[   55.890359] Thu Sep 14 00:19:17 2023:212         4.702254 
<7>[   55.890359]  wmm_ac_dscp_map[59] = 0/Thu Sep 14 00:19:17 2023:213         4.702292 
<7>[   55.890396]  first_wmm_ac_dscp[58] = c8
<7>[   55.890402] Thu Sep 14 00:19:17 2023:214         4.702298 
<7>[   55.890402]  wmm_ac_dscp_map[58] = 0/Thu Sep 14 00:19:17 2023:215         4.702323 
<7>[   55.890427]  first_wmm_ac_dscp[57] = c8
<7>[   55.890433] Thu Sep 14 00:19:17 2023:216         4.702329 
<7>[   55.890433]  wmm_ac_dscp_map[57] = 0/Thu Sep 14 00:19:17 2023:217         4.702354 
<7>[   55.890458]  first_wmm_ac_dscp[56] = c8
<7>[   55.890463] Thu Sep 14 00:19:17 2023:218         4.702359 
<7>[   55.890463]  wmm_ac_dscp_map[56] = 0/<7>[   55.892059] Thu Sep 14 00:19:17 2023:219         4.703952 aruba001: Scheduling VAP DOWN CONFIG update
<7>[   55.892509] Thu Sep 14 00:19:17 2023:220         4.704402 aruba001: Basic Rate set to 320
<7>[   55.892518] Thu Sep 14 00:19:17 2023:221         4.704413 aruba001: Supported Rate set to 4032
<7>[   55.892524] Thu Sep 14 00:19:17 2023:222         4.704420 aruba001: Supported VHT mcsmap set to 0xaaaa
<7>[   55.892531] Thu Sep 14 00:19:17 2023:223         4.704427 aruba001: Supported HE mcsmap set to 0xaaaa
<7>[   55.892569] Thu Sep 14 00:19:17 2023:224         4.704465 aruba001: Beacon rate set to 65535
<7>[   55.892587] Thu Sep 14 00:19:17 2023:225         4.704483 aruba001: VAP DOWN CONFIG DONE
<7>[   55.892778] Thu Sep 14 00:19:17 2023:226         4.704673 aruba001: Scheduling VAP UP CONFIG update
<7>[   55.892807] Thu Sep 14 00:19:17 2023:227         4.704703 aruba001: MCAST_RATE_OPT set to 1
<7>[   55.892836] Thu Sep 14 00:19:17 2023:228         4.704731 aruba001: DMO Enable
<7>[   55.892866] Thu Sep 14 00:19:17 2023:229         4.704762 aruba001: DMO utilization set to 90
<7>[   55.892890] wl0: wlc_iovar_ext: aruba_dmo_max_clients: BCME -15
<7>[   55.892893] wl0: set dmo max clients failed ret[-15]
<7>[   55.892972] Thu Sep 14 00:19:17 2023:230         4.704868 aruba001: Max retries set to 8
<7>[   55.892980] Thu Sep 14 00:19:17 2023:231         4.704875 aruba001: A-MPDU: Enabled, Tx Max 255 Rx Max -1 Min Spacing 255
<7>[   55.893043] Thu Sep 14 00:19:17 2023:232         4.704938 aruba001: MU-MIMO sounding period set to 128 ms.
<7>[   55.893071] Thu Sep 14 00:19:17 2023:233         4.704967 aruba001: MU-MIMO TXBF Enabled
<7>[   55.893125] wl0: wlc_iovar_ext: fbt_ap: BCME -1
<7>[   55.893182] Thu Sep 14 00:19:17 2023:234         4.705078 aruba001: vap max-clients to 64
<7>[   55.893304] Thu Sep 14 00:19:17 2023:235         4.705199 aruba001: Multicast rate set to 65535 (65535)
<7>[   55.893396] wl: wlc_vndr_ie_list_del(): IE not in list
<7>[   55.893400] wl0: wlc_iovar_ext: vndr_ie: BCME -30
<7>[   55.893403] wl0: set dpp vendor ie failed, err= -30
<7>[   55.893449] wl0: pdftm_set_iov: status -5 for cmd 2 sid 0 req len 6
<7>[   55.893453] wl0: wlc_iovar_ext: proxd: BCME -5
<7>[   55.893455] wl0: Enable FTM failed .
<7>[   55.893461] Thu Sep 14 00:19:17 2023:236         4.705357 aruba001: VAP UP CONFIG Update DONE
<7>[   55.906414] Thu Sep 14 00:19:17 2023:237         4.718300 aruba000: Scheduling VAP DOWN CONFIG update
<7>[   55.906448] Thu Sep 14 00:19:17 2023:238         4.718343 aruba000: VAP DOWN CONFIG DONE
<7>[   55.906455] Thu Sep 14 00:19:17 2023:239         4.718351 aruba001: Scheduling VAP DOWN CONFIG update

<7>[   55.906469] Thu Sep 14 00:19:17 2023:240         4.718366 aruba001: VAP DOWN CONFIG DONE
<7>[   56.019767] Netlink - chain_chng_netlink_service: service event from cli_netlink_service event 0
<7>[   56.104422] wl0: No regulatory class assigned for #a chanspec 0xd897
<7>[   56.104434] wl0: No regulatory class assigned for #a chanspec 0xd997
<7>[   56.104441] wl0: No regulatory class assigned for #a chanspec 0xe09b
<7>[   56.104447] wl0: No regulatory class assigned for #a chanspec 0xd89f
<7>[   56.104451] wl0: No regulatory class assigned for #a chanspec 0xd99f
<7>[   56.117601] wl1: bsscfg idx 2 mac 48:2f:6b:91:3c:01 
<7>[   56.118359] Thu Sep 14 00:19:17 2023:vap_device_event: dev aruba101 (1:1) has been registered
<7>[   56.118414] asap_vap_attach: asap_vaps[1][1] attached, vap: ffffffc0389dcc00, dev: aruba101 ffffffc000a6f000
<7>[   56.120799] vap dev: aruba101, forward mode change from 0 to 1
<7>[   56.121351] Thu Sep 14 00:19:17 2023:241         4.933239 aruba101: Scheduling VAP DOWN CONFIG update
<7>[   56.121393] Thu Sep 14 00:19:17 2023:242         4.933289 aruba101: Forwarding Mode set to 1
<7>[   56.121401] Thu Sep 14 00:19:17 2023:243         4.933297 aruba101: ESSID set to _owetm_Celje WiFi3516045617
<7>[   56.121419] Thu Sep 14 00:19:17 2023:244         4.933315 aruba101: WME_APSD set to 1
<7>[   56.121453] Thu Sep 14 00:19:17 2023:245         4.933349 aruba101: WME set to 1
<7>[   56.121822] Thu Sep 14 00:19:17 2023:246         4.933716 aruba101: Basic Rate set to 3
<7>[   56.121829] Thu Sep 14 00:19:17 2023:247         4.933725 aruba101: Supported Rate set to 4095
<7>[   56.121835] Thu Sep 14 00:19:17 2023:248         4.933731 aruba101: Supported VHT mcsmap set to 0xaaaa
<7>[   56.121841] Thu Sep 14 00:19:17 2023:249         4.933738 aruba101: Supported HE mcsmap set to 0xaaaa
<7>[   56.121871] Thu Sep 14 00:19:17 2023:250         4.933767 aruba101: HT Mode set to 1
<7>[   56.121878] Thu Sep 14 00:19:17 2023:251         4.933774 aruba101: 40MHz Disabled
<7>[   56.121903] Thu Sep 14 00:19:17 2023:252         4.933799 aruba101: VHT Mode set to 0
<7>[   56.121929] Thu Sep 14 00:19:17 2023:253         4.933825 aruba101: 80MHz Disabled
<7>[   56.121955] Thu Sep 14 00:19:17 2023:254         4.933851 aruba101: HE Mode set to 1
<7>[   56.121984] Thu Sep 14 00:19:17 2023:255         4.933880 aruba101: New OFDMA setting 1
<7>[   56.122000] Thu Sep 14 00:19:17 2023:256         4.933897 aruba101: VAP DOWN CONFIG DONE
<7>[   56.122151] Thu Sep 14 00:19:17 2023:257         4.934047 aruba101: Scheduling VAP UP CONFIG update
<7>[   56.122200] Thu Sep 14 00:19:17 2023:258         4.934096 aruba101: STA Ageout set to 1000
<7>[   56.122263] Thu Sep 14 00:19:17 2023:259         4.934158 aruba101: Max retries set to 64
<7>[   56.122290] Thu Sep 14 00:19:17 2023:260         4.934185 aruba101: Short Preamble set to 1
<7>[   56.122322] Thu Sep 14 00:19:17 2023:261         4.934218 aruba101: RTS Threshold set to 2333
<7>[   56.122329] Thu Sep 14 00:19:17 2023:262         4.934225 aruba101: A-MPDU: Enabled, Tx Max 255 Rx Max -1 Min Spacing 255
<7>[   56.122348] Thu Sep 14 00:19:17 2023:263         4.934244 aruba101: VHT MPDU-size set to 1
<7>[   56.122454] Thu Sep 14 00:19:17 2023:264         4.934349 aruba101: RX AMSDU Enable
<7>[   56.122461] Thu Sep 14 00:19:17 2023:265         4.934356 aruba101: TX AMSDU: count be set to 2, count bk set to 2, count vi set to 2, count vo set to 0
<7>[   56.122469] Thu Sep 14 00:19:17 2023:266         4.934365 aruba101: 20MHz GI Enabled, 40MHz GI Enabled, 80MHz GI Disabled
<7>[   56.122478] Thu Sep 14 00:19:17 2023:267         4.934374 aruba101: LDPC Enabled
<7>[   56.122532] Thu Sep 14 00:19:17 2023:268         4.934428 aruba101: STBC TX Enabled
<7>[   56.122609] Thu Sep 14 00:19:17 2023:269         4.934504 aruba101: STBC RX Enabled
<7>[   56.122638] Thu Sep 14 00:19:17 2023:270         4.934534 aruba101: TXBF Enabled
<7>[   56.122699] Thu Sep 14 00:19:17 2023:271         4.934595 aruba101: vap max-clients to 128

<7>[   56.122867] Thu Sep 14 00:19:17 2023:272         4.934762 aruba101: Refresh Direction set to 2
<7>[   56.122893] wl: wlc_vndr_ie_list_del(): IE not in list
<7>[   56.122897] wl1: wlc_iovar_ext: vndr_ie: BCME -30
<7>[   56.122899] wl1: set dpp vendor ie failed, err= -30
<7>[   56.122907] Thu Sep 14 00:19:17 2023:273         4.934803 aruba101: VAP UP CONFIG Update DONE
<7>[   56.123055] wl1 bmac set short slot 1, wl status 1
<7>[   56.131550] Thu Sep 14 00:19:17 2023:274         4.943434 aruba100: Scheduling VAP DOWN CONFIG update
<7>[   56.131608] Thu Sep 14 00:19:17 2023:275         4.943503 aruba100: VAP DOWN CONFIG DONE
<7>[   56.131615] Thu Sep 14 00:19:17 2023:276         4.943512 aruba101: Scheduling VAP DOWN CONFIG update
<7>[   56.131630] Thu Sep 14 00:19:17 2023:277         4.943527 aruba101: VAP DOWN CONFIG DONE
<7>[   56.131639] Thu Sep 14 00:19:17 2023: vap_device_event: dev aruba101 (1:1) is up
<7>[   56.308890] wl1 bmac set short slot 1, wl status 1
<7>[   56.313652] wl1 bmac set short slot 1, wl status 1
<7>[   56.324139] vap dev: aruba101, forward mode change from 0 to 1
<7>[   56.324576] Thu Sep 14 00:19:17 2023:278         5.136466 
<7>[   56.324576]  first_wmm_ac_dscp[59] = c8
<7>[   56.324585] Thu Sep 14 00:19:17 2023:279         5.136480 
<7>[   56.324585]  wmm_ac_dscp_map[59] = 0/Thu Sep 14 00:19:17 2023:280         5.136506 
<7>[   56.324610]  first_wmm_ac_dscp[58] = c8
<7>[   56.324616] Thu Sep 14 00:19:17 2023:281         5.136512 
<7>[   56.324616]  wmm_ac_dscp_map[58] = 0/Thu Sep 14 00:19:17 2023:282         5.136538 
<7>[   56.324642]  first_wmm_ac_dscp[57] = c8
<7>[   56.324648] Thu Sep 14 00:19:17 2023:283         5.136544 
<7>[   56.324648]  wmm_ac_dscp_map[57] = 0/Thu Sep 14 00:19:17 2023:284         5.136580 
<7>[   56.324685]  first_wmm_ac_dscp[56] = c8
<7>[   56.324690] Thu Sep 14 00:19:17 2023:285         5.136586 
<7>[   56.324690]  wmm_ac_dscp_map[56] = 0/<7>[   56.326346] Thu Sep 14 00:19:17 2023:286         5.138236 aruba101: Scheduling VAP DOWN CONFIG update
<7>[   56.326605] Thu Sep 14 00:19:17 2023:287         5.138499 aruba101: Basic Rate set to 320
<7>[   56.326612] Thu Sep 14 00:19:17 2023:288         5.138508 aruba101: Supported Rate set to 4032
<7>[   56.326618] Thu Sep 14 00:19:17 2023:289         5.138514 aruba101: Supported VHT mcsmap set to 0xaaaa
<7>[   56.326624] Thu Sep 14 00:19:17 2023:290         5.138521 aruba101: Supported HE mcsmap set to 0xaaaa
<7>[   56.326660] Thu Sep 14 00:19:17 2023:291         5.138556 aruba101: Beacon rate set to 65535
<7>[   56.326690] Thu Sep 14 00:19:17 2023:292         5.138585 aruba101: VAP DOWN CONFIG DONE
<7>[   56.326822] Thu Sep 14 00:19:17 2023:293         5.138717 aruba101: Scheduling VAP UP CONFIG update
<7>[   56.326851] Thu Sep 14 00:19:17 2023:294         5.138746 aruba101: MCAST_RATE_OPT set to 1
<7>[   56.326876] Thu Sep 14 00:19:17 2023:295         5.138772 aruba101: DMO Enable
<7>[   56.326903] Thu Sep 14 00:19:17 2023:296         5.138799 aruba101: DMO utilization set to 90
<7>[   56.326927] wl1: wlc_iovar_ext: aruba_dmo_max_clients: BCME -15
<7>[   56.326930] wl1: set dmo max clients failed ret[-15]
<7>[   56.327004] Thu Sep 14 00:19:17 2023:297         5.138899 aruba101: Max retries set to 8
<7>[   56.327012] Thu Sep 14 00:19:17 2023:298         5.138907 aruba101: A-MPDU: Enabled, Tx Max 255 Rx Max -1 Min Spacing 255
<7>[   56.327044] Thu Sep 14 00:19:17 2023:299         5.138940 aruba101: TXBF Disabled
<7>[   56.327115] wl1: wlc_iovar_ext: fbt_ap: BCME -1
<7>[   56.327170] Thu Sep 14 00:19:17 2023:300         5.139066 aruba101: vap max-clients to 64
<7>[   56.327298] Thu Sep 14 00:19:17 2023:301         5.139193 aruba101: Multicast rate set to 65535 (65535)
<7>[   56.327384] wl: wlc_vndr_ie_list_del(): IE not in list
<7>[   56.327388] wl1: wlc_iovar_ext: vndr_ie: BCME -30
<7>[   56.327391] wl1: set dpp vendor ie failed, err= -30
<7>[   56.327398] Thu Sep 14 00:19:17 2023:302         5.139294 aruba101: VAP UP CONFIG Update DONE
<7>[   56.327554] wl1 bmac set short slot 1, wl status 1

<7>[   56.334807] Thu Sep 14 00:19:17 2023:303         5.146693 aruba100: Scheduling VAP DOWN CONFIG update
<7>[   56.334840] Thu Sep 14 00:19:17 2023:304         5.146736 aruba100: VAP DOWN CONFIG DONE
<7>[   56.334848] Thu Sep 14 00:19:17 2023:305         5.146744 aruba101: Scheduling VAP DOWN CONFIG update
<7>[   56.334862] Thu Sep 14 00:19:17 2023:306         5.146758 aruba101: VAP DOWN CONFIG DONE
<7>[   56.511820] wl1 bmac set short slot 1, wl status 1
<7>[   56.516590] wl1 bmac set short slot 1, wl status 1
<7>[   56.533321] qos_map_str_conv: QOS map exceptions '' is NULL. Resetting.
<7>[   56.533465] Thu Sep 14 00:19:17 2023:307         5.345355 aruba001: Scheduling VAP UP CONFIG update
<7>[   56.533492] wl0: wlc_iovar_ext: aruba_dmo_max_clients: BCME -15
<7>[   56.533495] wl0: set dmo max clients failed ret[-15]
<7>[   56.533504] Thu Sep 14 00:19:17 2023:308         5.345399 aruba001: A-MPDU: Enabled, Tx Max 255 Rx Max -1 Min Spacing 255
<7>[   56.533576] Thu Sep 14 00:19:17 2023:309         5.345472 aruba001: MU-MIMO sounding period set to 128 ms.
<7>[   56.533667] wl: wlc_vndr_ie_list_del(): IE not in list
<7>[   56.533671] wl0: wlc_iovar_ext: vndr_ie: BCME -30
<7>[   56.533674] wl0: set dpp vendor ie failed, err= -30
<7>[   56.533825] wl0: pdftm_set_iov: status -5 for cmd 2 sid 0 req len 6
<7>[   56.533829] wl0: wlc_iovar_ext: proxd: BCME -5
<7>[   56.533832] wl0: Enable FTM failed .
<7>[   56.533838] Thu Sep 14 00:19:17 2023:310         5.345734 aruba001: VAP UP CONFIG Update DONE
<7>[   56.534505] qos_map_str_conv: QOS map exceptions '' is NULL. Resetting.
<7>[   56.534637] Thu Sep 14 00:19:17 2023:311         5.346532 aruba101: Scheduling VAP UP CONFIG update
<7>[   56.534677] wl1: wlc_iovar_ext: aruba_dmo_max_clients: BCME -15
<7>[   56.534680] wl1: set dmo max clients failed ret[-15]
<7>[   56.534688] Thu Sep 14 00:19:17 2023:312         5.346583 aruba101: A-MPDU: Enabled, Tx Max 255 Rx Max -1 Min Spacing 255
<7>[   56.534791] wl: wlc_vndr_ie_list_del(): IE not in list
<7>[   56.534794] wl1: wlc_iovar_ext: vndr_ie: BCME -30
<7>[   56.534797] wl1: set dpp vendor ie failed, err= -30
<7>[   56.534860] Thu Sep 14 00:19:17 2023:313         5.346755 aruba101: VAP UP CONFIG Update DONE
<7>[   56.825784] Netlink - chain_chng_netlink_service: service event from ata event 0
<7>[   56.826580] Netlink - chain_chng_netlink_service: service event from ata event 0
<5>[   59.131258] asap_send_elected_conductor: sent successfully
<7>[   79.917206] wl0: Tx Beacon Interrupts less than Tx Beacons nbsscfg:2 tbtt:232 tbtt_abss:459 txbcnfrm:464
<7>[   79.917904] wl0: Tx Beacon Interrupts less than Tx Beacons nbsscfg:2 tbtt:232 tbtt_abss:459 txbcnfrm:464
<7>[   79.918620] wl0: Tx Beacon Interrupts less than Tx Beacons nbsscfg:2 tbtt:232 tbtt_abss:459 txbcnfrm:464
<7>[   79.959761] wl0: Tx Beacon Interrupts less than Tx Beacons nbsscfg:2 tbtt:233 tbtt_abss:461 txbcnfrm:464
<7>[   79.960429] wl0: Tx Beacon Interrupts less than Tx Beacons nbsscfg:2 tbtt:233 tbtt_abss:461 txbcnfrm:466
<7>[   79.961173] wl0: Tx Beacon Interrupts less than Tx Beacons nbsscfg:2 tbtt:233 tbtt_abss:461 txbcnfrm:466
<7>[   79.962809] wl0: Tx Beacon Interrupts less than Tx Beacons nbsscfg:2 tbtt:233 tbtt_abss:461 txbcnfrm:466
<7>[   79.963415] wl0: Tx Beacon Interrupts less than Tx Beacons nbsscfg:2 tbtt:233 tbtt_abss:461 txbcnfrm:466
<7>[   79.964110] wl0: Tx Beacon Interrupts less than Tx Beacons nbsscfg:2 tbtt:233 tbtt_abss:461 txbcnfrm:466
<7>[   90.069334] Sat Jan 27 17:20:57 2024:314    11725304.704884 
<7>[   90.069334]  first_wmm_ac_dscp[59] = c8
<7>[   90.069347] Sat Jan 27 17:20:57 2024:315    11725304.704910 
<7>[   90.069347]  wmm_ac_dscp_map[59] = 0/Sat Jan 27 17:20:57 2024:316    11725304.704940 
<7>[   90.069376]  first_wmm_ac_dscp[58] = c8
<7>[   90.069382] Sat Jan 27 17:20:57 2024:317    11725304.704946 
<7>[   90.069382]  wmm_ac_dscp_map[58] = 0/Sat Jan 27 17:20:57 2024:318    11725304.704969 
<7>[   90.069404]  first_wmm_ac_dscp[57] = c8
<7>[   90.069410] Sat Jan 27 17:20:57 2024:319    11725304.704974 

<7>[   90.069410]  wmm_ac_dscp_map[57] = 0/Sat Jan 27 17:20:57 2024:320    11725304.704999 
<7>[   90.069434]  first_wmm_ac_dscp[56] = c8
<7>[   90.069439] Sat Jan 27 17:20:57 2024:321    11725304.705004 
<7>[   90.069439]  wmm_ac_dscp_map[56] = 0/<7>[   90.076518] Sat Jan 27 17:20:57 2024:322    11725304.712073 aruba000: Scheduling VAP UP CONFIG update
<7>[   90.076624] wl0: wlc_iovar_ext: aruba_dmo_max_clients: BCME -15
<7>[   90.076627] wl0: set dmo max clients failed ret[-15]
<7>[   90.076636] Sat Jan 27 17:20:57 2024:323    11725304.712199 aruba000: A-MPDU: Enabled, Tx Max 255 Rx Max -1 Min Spacing 255
<7>[   90.076717] Sat Jan 27 17:20:57 2024:324    11725304.712280 aruba000: MU-MIMO sounding period set to 128 ms.
<7>[   90.076813] wl: wlc_vndr_ie_list_del(): IE not in list
<7>[   90.076817] wl0: wlc_iovar_ext: vndr_ie: BCME -30
<7>[   90.076820] wl0: set dpp vendor ie failed, err= -30
<7>[   90.077045] wl0: pdftm_set_iov: status -5 for cmd 2 sid 0 req len 6
<7>[   90.077049] wl0: wlc_iovar_ext: proxd: BCME -5
<7>[   90.077052] wl0: Enable FTM failed .
<7>[   90.077058] Sat Jan 27 17:20:57 2024:325    11725304.712623 aruba000: VAP UP CONFIG Update DONE
<7>[   90.082321] Sat Jan 27 17:20:57 2024:326    11725304.717881 
<7>[   90.082321]  first_wmm_ac_dscp[59] = c8
<7>[   90.082331] Sat Jan 27 17:20:57 2024:327    11725304.717894 
<7>[   90.082331]  wmm_ac_dscp_map[59] = 0/Sat Jan 27 17:20:57 2024:328    11725304.717921 
<7>[   90.082357]  first_wmm_ac_dscp[58] = c8
<7>[   90.082363] Sat Jan 27 17:20:57 2024:329    11725304.717927 
<7>[   90.082363]  wmm_ac_dscp_map[58] = 0/Sat Jan 27 17:20:57 2024:330    11725304.717951 
<7>[   90.082386]  first_wmm_ac_dscp[57] = c8
<7>[   90.082392] Sat Jan 27 17:20:57 2024:331    11725304.717956 
<7>[   90.082392]  wmm_ac_dscp_map[57] = 0/Sat Jan 27 17:20:57 2024:332    11725304.717980 
<7>[   90.082415]  first_wmm_ac_dscp[56] = c8
<7>[   90.082421] Sat Jan 27 17:20:57 2024:333    11725304.717985 
<7>[   90.082421]  wmm_ac_dscp_map[56] = 0/<7>[   90.083390] Sat Jan 27 17:20:57 2024:334    11725304.718952 aruba100: Scheduling VAP UP CONFIG update
<7>[   90.083476] wl1: wlc_iovar_ext: aruba_dmo_max_clients: BCME -15
<7>[   90.083479] wl1: set dmo max clients failed ret[-15]
<7>[   90.083487] Sat Jan 27 17:20:57 2024:335    11725304.719051 aruba100: A-MPDU: Enabled, Tx Max 255 Rx Max -1 Min Spacing 255
<7>[   90.083607] wl: wlc_vndr_ie_list_del(): IE not in list
<7>[   90.083612] wl1: wlc_iovar_ext: vndr_ie: BCME -30
<7>[   90.083615] wl1: set dpp vendor ie failed, err= -30
<7>[   90.083722] Sat Jan 27 17:20:57 2024:336    11725304.719286 aruba100: VAP UP CONFIG Update DONE
<7>[   90.085275] qos_map_str_conv: QOS map exceptions '' is NULL. Resetting.
<7>[   90.085394] Sat Jan 27 17:20:57 2024:337    11725304.720957 aruba000: Scheduling VAP UP CONFIG update
<7>[   90.085434] wl0: wlc_iovar_ext: aruba_dmo_max_clients: BCME -15
<7>[   90.085437] wl0: set dmo max clients failed ret[-15]
<7>[   90.085445] Sat Jan 27 17:20:57 2024:338    11725304.721008 aruba000: A-MPDU: Enabled, Tx Max 255 Rx Max -1 Min Spacing 255
<7>[   90.085506] Sat Jan 27 17:20:57 2024:339    11725304.721070 aruba000: MU-MIMO sounding period set to 128 ms.
<7>[   90.085593] wl: wlc_vndr_ie_list_del(): IE not in list
<7>[   90.085596] wl0: wlc_iovar_ext: vndr_ie: BCME -30
<7>[   90.085599] wl0: set dpp vendor ie failed, err= -30
<7>[   90.085711] wl0: pdftm_set_iov: status -5 for cmd 2 sid 0 req len 6
<7>[   90.085715] wl0: wlc_iovar_ext: proxd: BCME -5
<7>[   90.085717] wl0: Enable FTM failed .
<7>[   90.085724] Sat Jan 27 17:20:57 2024:340    11725304.721288 aruba000: VAP UP CONFIG Update DONE
<7>[   90.086188] qos_map_str_conv: QOS map exceptions '' is NULL. Resetting.
<7>[   90.086307] Sat Jan 27 17:20:57 2024:341    11725304.721871 aruba100: Scheduling VAP UP CONFIG update
<7>[   90.086335] wl1: wlc_iovar_ext: aruba_dmo_max_clients: BCME -15
<7>[   90.086338] wl1: set dmo max clients failed ret[-15]

<7>[   90.086345] Sat Jan 27 17:20:57 2024:342    11725304.721909 aruba100: A-MPDU: Enabled, Tx Max 255 Rx Max -1 Min Spacing 255
<7>[   90.086448] wl: wlc_vndr_ie_list_del(): IE not in list
<7>[   90.086451] wl1: wlc_iovar_ext: vndr_ie: BCME -30
<7>[   90.086454] wl1: set dpp vendor ie failed, err= -30
<7>[   90.086512] Sat Jan 27 17:20:57 2024:343    11725304.722076 aruba100: VAP UP CONFIG Update DONE
<7>[   90.088825] Sat Jan 27 17:20:57 2024:344    11725304.724383 
<7>[   90.088825]  first_wmm_ac_dscp[59] = c8
<7>[   90.088836] Sat Jan 27 17:20:57 2024:345    11725304.724398 
<7>[   90.088836]  wmm_ac_dscp_map[59] = 0/Sat Jan 27 17:20:57 2024:346    11725304.724426 
<7>[   90.088861]  first_wmm_ac_dscp[58] = c8
<7>[   90.088867] Sat Jan 27 17:20:57 2024:347    11725304.724431 
<7>[   90.088867]  wmm_ac_dscp_map[58] = 0/Sat Jan 27 17:20:57 2024:348    11725304.724454 
<7>[   90.088889]  first_wmm_ac_dscp[57] = c8
<7>[   90.088895] Sat Jan 27 17:20:57 2024:349    11725304.724459 
<7>[   90.088895]  wmm_ac_dscp_map[57] = 0/Sat Jan 27 17:20:57 2024:350    11725304.724487 
<7>[   90.088922]  first_wmm_ac_dscp[56] = c8
<7>[   90.088928] Sat Jan 27 17:20:57 2024:351    11725304.724492 
<7>[   90.088928]  wmm_ac_dscp_map[56] = 0/<7>[   90.089703] Sat Jan 27 17:20:57 2024:352    11725304.725262 aruba001: Scheduling VAP UP CONFIG update
<7>[   90.089804] wl0: wlc_iovar_ext: aruba_dmo_max_clients: BCME -15
<7>[   90.089807] wl0: set dmo max clients failed ret[-15]
<7>[   90.089816] Sat Jan 27 17:20:57 2024:353    11725304.725380 aruba001: A-MPDU: Enabled, Tx Max 255 Rx Max -1 Min Spacing 255
<7>[   90.089888] Sat Jan 27 17:20:57 2024:354    11725304.725452 aruba001: MU-MIMO sounding period set to 128 ms.
<7>[   90.089986] wl: wlc_vndr_ie_list_del(): IE not in list
<7>[   90.089990] wl0: wlc_iovar_ext: vndr_ie: BCME -30
<7>[   90.089993] wl0: set dpp vendor ie failed, err= -30
<7>[   90.090154] wl0: pdftm_set_iov: status -5 for cmd 2 sid 0 req len 6
<7>[   90.090158] wl0: wlc_iovar_ext: proxd: BCME -5
<7>[   90.090161] wl0: Enable FTM failed .
<7>[   90.090167] Sat Jan 27 17:20:57 2024:355    11725304.725732 aruba001: VAP UP CONFIG Update DONE
<7>[   90.097796] Sat Jan 27 17:20:57 2024:356    11725304.733348 
<7>[   90.097796]  first_wmm_ac_dscp[59] = c8
<7>[   90.097809] Sat Jan 27 17:20:57 2024:357    11725304.733372 
<7>[   90.097809]  wmm_ac_dscp_map[59] = 0/Sat Jan 27 17:20:57 2024:358    11725304.733403 
<7>[   90.097839]  first_wmm_ac_dscp[58] = c8
<7>[   90.097845] Sat Jan 27 17:20:57 2024:359    11725304.733409 
<7>[   90.097845]  wmm_ac_dscp_map[58] = 0/Sat Jan 27 17:20:57 2024:360    11725304.733432 
<7>[   90.097868]  first_wmm_ac_dscp[57] = c8
<7>[   90.097873] Sat Jan 27 17:20:57 2024:361    11725304.733438 
<7>[   90.097873]  wmm_ac_dscp_map[57] = 0/Sat Jan 27 17:20:57 2024:362    11725304.733462 
<7>[   90.097897]  first_wmm_ac_dscp[56] = c8
<7>[   90.097903] Sat Jan 27 17:20:57 2024:363    11725304.733467 
<7>[   90.097903]  wmm_ac_dscp_map[56] = 0/<7>[   90.099069] Sat Jan 27 17:20:57 2024:364    11725304.734628 aruba101: Scheduling VAP UP CONFIG update
<7>[   90.099188] wl1: wlc_iovar_ext: aruba_dmo_max_clients: BCME -15
<7>[   90.099192] wl1: set dmo max clients failed ret[-15]
<7>[   90.099200] Sat Jan 27 17:20:57 2024:365    11725304.734764 aruba101: A-MPDU: Enabled, Tx Max 255 Rx Max -1 Min Spacing 255
<7>[   90.099322] wl: wlc_vndr_ie_list_del(): IE not in list
<7>[   90.099327] wl1: wlc_iovar_ext: vndr_ie: BCME -30
<7>[   90.099330] wl1: set dpp vendor ie failed, err= -30
<7>[   90.099459] Sat Jan 27 17:20:57 2024:366    11725304.735022 aruba101: VAP UP CONFIG Update DONE
<7>[   90.101642] qos_map_str_conv: QOS map exceptions '' is NULL. Resetting.
<7>[   90.101785] Sat Jan 27 17:20:57 2024:367    11725304.737346 aruba001: Scheduling VAP UP CONFIG update
<7>[   90.101866] wl0: wlc_iovar_ext: aruba_dmo_max_clients: BCME -15
<7>[   90.101869] wl0: set dmo max clients failed ret[-15]

<7>[   90.101878] Sat Jan 27 17:20:57 2024:368    11725304.737441 aruba001: A-MPDU: Enabled, Tx Max 255 Rx Max -1 Min Spacing 255
<7>[   90.101946] Sat Jan 27 17:20:57 2024:369    11725304.737510 aruba001: MU-MIMO sounding period set to 128 ms.
<7>[   90.102042] wl: wlc_vndr_ie_list_del(): IE not in list
<7>[   90.102046] wl0: wlc_iovar_ext: vndr_ie: BCME -30
<7>[   90.102049] wl0: set dpp vendor ie failed, err= -30
<7>[   90.102215] wl0: pdftm_set_iov: status -5 for cmd 2 sid 0 req len 6
<7>[   90.102219] wl0: wlc_iovar_ext: proxd: BCME -5
<7>[   90.102222] wl0: Enable FTM failed .
<7>[   90.102229] Sat Jan 27 17:20:57 2024:370    11725304.737793 aruba001: VAP UP CONFIG Update DONE
<7>[   90.103801] qos_map_str_conv: QOS map exceptions '' is NULL. Resetting.
<7>[   90.103937] Sat Jan 27 17:20:57 2024:371    11725304.739499 aruba101: Scheduling VAP UP CONFIG update
<7>[   90.103983] wl1: wlc_iovar_ext: aruba_dmo_max_clients: BCME -15
<7>[   90.103987] wl1: set dmo max clients failed ret[-15]
<7>[   90.103995] Sat Jan 27 17:20:57 2024:372    11725304.739559 aruba101: A-MPDU: Enabled, Tx Max 255 Rx Max -1 Min Spacing 255
<7>[   90.104112] wl: wlc_vndr_ie_list_del(): IE not in list
<7>[   90.104116] wl1: wlc_iovar_ext: vndr_ie: BCME -30
<7>[   90.104119] wl1: set dpp vendor ie failed, err= -30
<7>[   90.104231] Sat Jan 27 17:20:57 2024:373    11725304.739794 aruba101: VAP UP CONFIG Update DONE
<7>[   90.203591] Sat Jan 27 17:20:57 2024:374    11725304.839143 
<7>[   90.203591]  first_wmm_ac_dscp[59] = c8
<7>[   90.203605] Sat Jan 27 17:20:57 2024:375    11725304.839167 
<7>[   90.203605]  wmm_ac_dscp_map[59] = 0/Sat Jan 27 17:20:57 2024:376    11725304.839197 
<7>[   90.203632]  first_wmm_ac_dscp[58] = c8
<7>[   90.203638] Sat Jan 27 17:20:57 2024:377    11725304.839203 
<7>[   90.203638]  wmm_ac_dscp_map[58] = 0/Sat Jan 27 17:20:57 2024:378    11725304.839226 
<7>[   90.203661]  first_wmm_ac_dscp[57] = c8
<7>[   90.203667] Sat Jan 27 17:20:57 2024:379    11725304.839231 
<7>[   90.203667]  wmm_ac_dscp_map[57] = 0/Sat Jan 27 17:20:57 2024:380    11725304.839255 
<7>[   90.203690]  first_wmm_ac_dscp[56] = c8
<7>[   90.203696] Sat Jan 27 17:20:57 2024:381    11725304.839261 
<7>[   90.203696]  wmm_ac_dscp_map[56] = 0/<7>[   90.204524] Sat Jan 27 17:20:57 2024:382    11725304.840083 aruba000: Scheduling VAP UP CONFIG update
<7>[   90.204631] wl0: wlc_iovar_ext: aruba_dmo_max_clients: BCME -15
<7>[   90.204635] wl0: set dmo max clients failed ret[-15]
<7>[   90.204644] Sat Jan 27 17:20:57 2024:383    11725304.840207 aruba000: A-MPDU: Enabled, Tx Max 255 Rx Max -1 Min Spacing 255
<7>[   90.204743] Sat Jan 27 17:20:57 2024:384    11725304.840307 aruba000: MU-MIMO sounding period set to 128 ms.
<7>[   90.204844] wl: wlc_vndr_ie_list_del(): IE not in list
<7>[   90.204849] wl0: wlc_iovar_ext: vndr_ie: BCME -30
<7>[   90.204852] wl0: set dpp vendor ie failed, err= -30
<7>[   90.205037] wl0: pdftm_set_iov: status -5 for cmd 2 sid 0 req len 6
<7>[   90.205042] wl0: wlc_iovar_ext: proxd: BCME -5
<7>[   90.205044] wl0: Enable FTM failed .
<7>[   90.205051] Sat Jan 27 17:20:57 2024:385    11725304.840615 aruba000: VAP UP CONFIG Update DONE
<7>[   90.246333] Sat Jan 27 17:20:57 2024:386    11725304.881889 
<7>[   90.246333]  first_wmm_ac_dscp[59] = c8
<7>[   90.246347] Sat Jan 27 17:20:57 2024:387    11725304.881909 
<7>[   90.246347]  wmm_ac_dscp_map[59] = 0/Sat Jan 27 17:20:57 2024:388    11725304.881939 
<7>[   90.246375]  first_wmm_ac_dscp[58] = c8
<7>[   90.246380] Sat Jan 27 17:20:57 2024:389    11725304.881945 
<7>[   90.246380]  wmm_ac_dscp_map[58] = 0/Sat Jan 27 17:20:57 2024:390    11725304.881968 
<7>[   90.246403]  first_wmm_ac_dscp[57] = c8
<7>[   90.246409] Sat Jan 27 17:20:57 2024:391    11725304.881973 
<7>[   90.246409]  wmm_ac_dscp_map[57] = 0/Sat Jan 27 17:20:57 2024:392    11725304.881997 
<7>[   90.246432]  first_wmm_ac_dscp[56] = c8
<7>[   90.246438] Sat Jan 27 17:20:57 2024:393    11725304.882002 

<7>[   90.246438]  wmm_ac_dscp_map[56] = 0/<7>[   90.247504] Sat Jan 27 17:20:57 2024:394    11725304.883066 aruba100: Scheduling VAP UP CONFIG update
<7>[   90.247614] wl1: wlc_iovar_ext: aruba_dmo_max_clients: BCME -15
<7>[   90.247618] wl1: set dmo max clients failed ret[-15]
<7>[   90.247626] Sat Jan 27 17:20:57 2024:395    11725304.883190 aruba100: A-MPDU: Enabled, Tx Max 255 Rx Max -1 Min Spacing 255
<7>[   90.247756] wl: wlc_vndr_ie_list_del(): IE not in list
<7>[   90.247760] wl1: wlc_iovar_ext: vndr_ie: BCME -30
<7>[   90.247764] wl1: set dpp vendor ie failed, err= -30
<7>[   90.247906] Sat Jan 27 17:20:57 2024:396    11725304.883470 aruba100: VAP UP CONFIG Update DONE
<7>[   90.251889] qos_map_str_conv: QOS map exceptions '' is NULL. Resetting.
<7>[   90.252035] Sat Jan 27 17:20:57 2024:397    11725304.887594 aruba000: Scheduling VAP UP CONFIG update
<7>[   90.252136] wl0: wlc_iovar_ext: aruba_dmo_max_clients: BCME -15
<7>[   90.252139] wl0: set dmo max clients failed ret[-15]
<7>[   90.252148] Sat Jan 27 17:20:57 2024:398    11725304.887711 aruba000: A-MPDU: Enabled, Tx Max 255 Rx Max -1 Min Spacing 255
<7>[   90.252216] Sat Jan 27 17:20:57 2024:399    11725304.887780 aruba000: MU-MIMO sounding period set to 128 ms.
<7>[   90.252312] wl: wlc_vndr_ie_list_del(): IE not in list
<7>[   90.252317] wl0: wlc_iovar_ext: vndr_ie: BCME -30
<7>[   90.252320] wl0: set dpp vendor ie failed, err= -30
<7>[   90.252479] wl0: pdftm_set_iov: status -5 for cmd 2 sid 0 req len 6
<7>[   90.252483] wl0: wlc_iovar_ext: proxd: BCME -5
<7>[   90.252486] wl0: Enable FTM failed .
<7>[   90.252492] Sat Jan 27 17:20:57 2024:400    11725304.888057 aruba000: VAP UP CONFIG Update DONE
<7>[   90.253023] qos_map_str_conv: QOS map exceptions '' is NULL. Resetting.
<7>[   90.253178] Sat Jan 27 17:20:57 2024:401    11725304.888741 aruba100: Scheduling VAP UP CONFIG update
<7>[   90.253211] wl1: wlc_iovar_ext: aruba_dmo_max_clients: BCME -15
<7>[   90.253214] wl1: set dmo max clients failed ret[-15]
<7>[   90.253221] Sat Jan 27 17:20:57 2024:402    11725304.888785 aruba100: A-MPDU: Enabled, Tx Max 255 Rx Max -1 Min Spacing 255
<7>[   90.253327] wl: wlc_vndr_ie_list_del(): IE not in list
<7>[   90.253331] wl1: wlc_iovar_ext: vndr_ie: BCME -30
<7>[   90.253334] wl1: set dpp vendor ie failed, err= -30
<7>[   90.253401] Sat Jan 27 17:20:57 2024:403    11725304.888964 aruba100: VAP UP CONFIG Update DONE
<7>[   90.262379] Sat Jan 27 17:20:57 2024:404    11725304.897937 
<7>[   90.262379]  first_wmm_ac_dscp[59] = c8
<7>[   90.262392] Sat Jan 27 17:20:57 2024:405    11725304.897955 
<7>[   90.262392]  wmm_ac_dscp_map[59] = 0/Sat Jan 27 17:20:57 2024:406    11725304.897984 
<7>[   90.262419]  first_wmm_ac_dscp[58] = c8
<7>[   90.262425] Sat Jan 27 17:20:57 2024:407    11725304.897989 
<7>[   90.262425]  wmm_ac_dscp_map[58] = 0/Sat Jan 27 17:20:57 2024:408    11725304.898012 
<7>[   90.262448]  first_wmm_ac_dscp[57] = c8
<7>[   90.262453] Sat Jan 27 17:20:57 2024:409    11725304.898018 
<7>[   90.262453]  wmm_ac_dscp_map[57] = 0/Sat Jan 27 17:20:57 2024:410    11725304.898041 
<7>[   90.262477]  first_wmm_ac_dscp[56] = c8
<7>[   90.262482] Sat Jan 27 17:20:57 2024:411    11725304.898047 
<7>[   90.262482]  wmm_ac_dscp_map[56] = 0/<7>[   90.263291] Sat Jan 27 17:20:57 2024:412    11725304.898853 aruba001: Scheduling VAP UP CONFIG update
<7>[   90.263394] wl0: wlc_iovar_ext: aruba_dmo_max_clients: BCME -15
<7>[   90.263398] wl0: set dmo max clients failed ret[-15]
<7>[   90.263406] Sat Jan 27 17:20:57 2024:413    11725304.898970 aruba001: A-MPDU: Enabled, Tx Max 255 Rx Max -1 Min Spacing 255
<7>[   90.263478] Sat Jan 27 17:20:57 2024:414    11725304.899042 aruba001: MU-MIMO sounding period set to 128 ms.
<7>[   90.263574] wl: wlc_vndr_ie_list_del(): IE not in list
<7>[   90.263579] wl0: wlc_iovar_ext: vndr_ie: BCME -30
<7>[   90.263582] wl0: set dpp vendor ie failed, err= -30
<7>[   90.263745] wl0: pdftm_set_iov: status -5 for cmd 2 sid 0 req len 6
<7>[   90.263749] wl0: wlc_iovar_ext: proxd: BCME -5
<7>[   90.263752] wl0: Enable FTM failed .

<7>[   90.263758] Sat Jan 27 17:20:57 2024:415    11725304.899323 aruba001: VAP UP CONFIG Update DONE
<7>[   90.267805] Sat Jan 27 17:20:57 2024:416    11725304.903360 
<7>[   90.267805]  first_wmm_ac_dscp[59] = c8
<7>[   90.267818] Sat Jan 27 17:20:57 2024:417    11725304.903381 
<7>[   90.267818]  wmm_ac_dscp_map[59] = 0/Sat Jan 27 17:20:57 2024:418    11725304.903411 
<7>[   90.267847]  first_wmm_ac_dscp[58] = c8
<7>[   90.267852] Sat Jan 27 17:20:57 2024:419    11725304.903417 
<7>[   90.267852]  wmm_ac_dscp_map[58] = 0/Sat Jan 27 17:20:57 2024:420    11725304.903441 
<7>[   90.267876]  first_wmm_ac_dscp[57] = c8
<7>[   90.267881] Sat Jan 27 17:20:57 2024:421    11725304.903446 
<7>[   90.267881]  wmm_ac_dscp_map[57] = 0/Sat Jan 27 17:20:57 2024:422    11725304.903470 
<7>[   90.267905]  first_wmm_ac_dscp[56] = c8
<7>[   90.267911] Sat Jan 27 17:20:57 2024:423    11725304.903475 
<7>[   90.267911]  wmm_ac_dscp_map[56] = 0/<7>[   90.269118] Sat Jan 27 17:20:57 2024:424    11725304.904676 aruba101: Scheduling VAP UP CONFIG update
<7>[   90.269227] wl1: wlc_iovar_ext: aruba_dmo_max_clients: BCME -15
<7>[   90.269230] wl1: set dmo max clients failed ret[-15]
<7>[   90.269239] Sat Jan 27 17:20:57 2024:425    11725304.904803 aruba101: A-MPDU: Enabled, Tx Max 255 Rx Max -1 Min Spacing 255
<7>[   90.269368] wl: wlc_vndr_ie_list_del(): IE not in list
<7>[   90.269373] wl1: wlc_iovar_ext: vndr_ie: BCME -30
